// Vitest Snapshot v1, https://vitest.dev/guide/snapshot.html

exports[`can dump the whole c1#clip.2.1.cram without error 1`] = `
[
  {
    "fileId": "-",
    "magic": "CRAM",
    "majorVersion": 2,
    "minorVersion": 1,
  },
  {
    "containerHeader": {
      "_endPosition": 39,
      "_size": 13,
      "alignmentSpan": 0,
      "landmarks": [
        0,
      ],
      "length": 10098,
      "numBases": 0,
      "numBlocks": 1,
      "numLandmarks": 1,
      "numRecords": 0,
      "recordCounter": 0,
      "refSeqId": 0,
      "refSeqStart": 0,
    },
    "data": [
      {
        "_endPosition": 39,
        "_size": 13,
        "alignmentSpan": 0,
        "landmarks": [
          0,
        ],
        "length": 10098,
        "numBases": 0,
        "numBlocks": 1,
        "numLandmarks": 1,
        "numRecords": 0,
        "recordCounter": 0,
        "refSeqId": 0,
        "refSeqStart": 0,
      },
      {
        "samHeader": [
          {
            "data": [
              {
                "tag": "SN",
                "value": "c1",
              },
              {
                "tag": "LN",
                "value": "10",
              },
              {
                "tag": "M5",
                "value": "e224bd8a70e5466c6a033be886045c85",
              },
              {
                "tag": "UR",
                "value": "/home/vadim/bin/htslib/test/c1.fa",
              },
            ],
            "tag": "SQ",
          },
        ],
      },
    ],
  },
  {
    "compressionScheme": {
      "APdelta": true,
      "dataSeriesEncoding": {
        "AP": {
          "codecId": 3,
          "parameters": {
            "bitLengths": [
              1,
              1,
            ],
            "numCodes": 2,
            "numLengths": 2,
            "symbols": [
              0,
              1,
            ],
          },
          "parametersBytes": 6,
        },
        "BF": {
          "codecId": 3,
          "parameters": {
            "bitLengths": [
              0,
            ],
            "numCodes": 1,
            "numLengths": 1,
            "symbols": [
              0,
            ],
          },
          "parametersBytes": 4,
        },
        "CF": {
          "codecId": 3,
          "parameters": {
            "bitLengths": [
              0,
            ],
            "numCodes": 1,
            "numLengths": 1,
            "symbols": [
              3,
            ],
          },
          "parametersBytes": 4,
        },
        "FC": {
          "codecId": 3,
          "parameters": {
            "bitLengths": [
              1,
              2,
              3,
              3,
            ],
            "numCodes": 4,
            "numLengths": 4,
            "symbols": [
              83,
              72,
              73,
              78,
            ],
          },
          "parametersBytes": 10,
        },
        "FN": {
          "codecId": 3,
          "parameters": {
            "bitLengths": [
              1,
              2,
              3,
              3,
            ],
            "numCodes": 4,
            "numLengths": 4,
            "symbols": [
              2,
              3,
              0,
              1,
            ],
          },
          "parametersBytes": 10,
        },
        "FP": {
          "codecId": 3,
          "parameters": {
            "bitLengths": [
              1,
              3,
              3,
              3,
              4,
              4,
            ],
            "numCodes": 6,
            "numLengths": 6,
            "symbols": [
              1,
              5,
              8,
              9,
              4,
              6,
            ],
          },
          "parametersBytes": 14,
        },
        "HC": {
          "codecId": 3,
          "parameters": {
            "bitLengths": [
              1,
              1,
            ],
            "numCodes": 2,
            "numLengths": 2,
            "symbols": [
              1,
              2,
            ],
          },
          "parametersBytes": 6,
        },
        "IN": {
          "codecId": 5,
          "parameters": {
            "blockContentId": 13,
            "stopByte": 0,
          },
          "parametersBytes": 2,
        },
        "MF": {
          "codecId": 3,
          "parameters": {
            "bitLengths": [
              0,
            ],
            "numCodes": 1,
            "numLengths": 1,
            "symbols": [
              0,
            ],
          },
          "parametersBytes": 4,
        },
        "MQ": {
          "codecId": 3,
          "parameters": {
            "bitLengths": [
              0,
            ],
            "numCodes": 1,
            "numLengths": 1,
            "symbols": [
              0,
            ],
          },
          "parametersBytes": 4,
        },
        "NP": {
          "codecId": 3,
          "parameters": {
            "bitLengths": [
              0,
            ],
            "numCodes": 1,
            "numLengths": 1,
            "symbols": [
              0,
            ],
          },
          "parametersBytes": 4,
        },
        "NS": {
          "codecId": 3,
          "parameters": {
            "bitLengths": [
              0,
            ],
            "numCodes": 1,
            "numLengths": 1,
            "symbols": [
              -1,
            ],
          },
          "parametersBytes": 8,
        },
        "QS": {
          "codecId": 1,
          "parameters": {
            "blockContentId": 12,
          },
          "parametersBytes": 1,
        },
        "RG": {
          "codecId": 3,
          "parameters": {
            "bitLengths": [
              0,
            ],
            "numCodes": 1,
            "numLengths": 1,
            "symbols": [
              -1,
            ],
          },
          "parametersBytes": 8,
        },
        "RI": {
          "codecId": 3,
          "parameters": {
            "bitLengths": [
              0,
            ],
            "numCodes": 1,
            "numLengths": 1,
            "symbols": [
              0,
            ],
          },
          "parametersBytes": 4,
        },
        "RL": {
          "codecId": 3,
          "parameters": {
            "bitLengths": [
              1,
              2,
              3,
              3,
            ],
            "numCodes": 4,
            "numLengths": 4,
            "symbols": [
              10,
              6,
              8,
              12,
            ],
          },
          "parametersBytes": 10,
        },
        "RN": {
          "codecId": 5,
          "parameters": {
            "blockContentId": 11,
            "stopByte": 0,
          },
          "parametersBytes": 2,
        },
        "RS": {
          "codecId": 3,
          "parameters": {
            "bitLengths": [
              0,
            ],
            "numCodes": 1,
            "numLengths": 1,
            "symbols": [
              4,
            ],
          },
          "parametersBytes": 4,
        },
        "SC": {
          "codecId": 5,
          "parameters": {
            "blockContentId": 14,
            "stopByte": 0,
          },
          "parametersBytes": 2,
        },
        "TL": {
          "codecId": 3,
          "parameters": {
            "bitLengths": [
              0,
            ],
            "numCodes": 1,
            "numLengths": 1,
            "symbols": [
              0,
            ],
          },
          "parametersBytes": 4,
        },
        "TS": {
          "codecId": 3,
          "parameters": {
            "bitLengths": [
              0,
            ],
            "numCodes": 1,
            "numLengths": 1,
            "symbols": [
              0,
            ],
          },
          "parametersBytes": 4,
        },
      },
      "readNamesIncluded": true,
      "referenceRequired": false,
      "substitutionMatrix": [
        [
          "C",
          "G",
          "T",
          "N",
        ],
        [
          "A",
          "G",
          "T",
          "N",
        ],
        [
          "A",
          "C",
          "T",
          "N",
        ],
        [
          "A",
          "C",
          "G",
          "N",
        ],
        [
          "A",
          "C",
          "G",
          "T",
        ],
      ],
      "tagEncoding": {},
      "tagIdsDictionary": [
        [],
      ],
    },
    "containerHeader": {
      "_endPosition": 10153,
      "_size": 14,
      "alignmentSpan": 10,
      "landmarks": [
        230,
      ],
      "length": 447,
      "numBases": 62,
      "numBlocks": 7,
      "numLandmarks": 1,
      "numRecords": 7,
      "recordCounter": 0,
      "refSeqId": 0,
      "refSeqStart": 1,
    },
    "data": [
      {
        "_endPosition": 10153,
        "_size": 14,
        "alignmentSpan": 10,
        "landmarks": [
          230,
        ],
        "length": 447,
        "numBases": 62,
        "numBlocks": 7,
        "numLandmarks": 1,
        "numRecords": 7,
        "recordCounter": 0,
        "refSeqId": 0,
        "refSeqStart": 1,
      },
      {
        "features": [
          {
            "alignmentStart": 1,
            "cramFlags": 3,
            "flags": 0,
            "lengthOnRef": 10,
            "mappingQuality": 0,
            "qualityScores": [
              9,
              9,
              9,
              9,
              9,
              9,
              9,
              9,
              9,
              9,
            ],
            "readBases": undefined,
            "readGroupId": -1,
            "readLength": 10,
            "readName": "s0a",
            "sequenceId": 0,
            "tags": {},
            "templateSize": 0,
            "uniqueId": 10389,
          },
          {
            "alignmentStart": 1,
            "cramFlags": 3,
            "flags": 0,
            "lengthOnRef": 10,
            "mappingQuality": 0,
            "qualityScores": [
              9,
              9,
              9,
              9,
              9,
              9,
            ],
            "readBases": undefined,
            "readFeatures": [
              {
                "code": "N",
                "data": 4,
                "pos": 4,
                "refPos": 4,
              },
            ],
            "readGroupId": -1,
            "readLength": 6,
            "readName": "s0A",
            "sequenceId": 0,
            "tags": {},
            "templateSize": 0,
            "uniqueId": 10390,
          },
          {
            "alignmentStart": 2,
            "cramFlags": 3,
            "flags": 0,
            "lengthOnRef": 8,
            "mappingQuality": 0,
            "qualityScores": [
              9,
              9,
              9,
              9,
              9,
              9,
              9,
              9,
              9,
              9,
            ],
            "readBases": undefined,
            "readFeatures": [
              {
                "code": "S",
                "data": "A",
                "pos": 1,
                "refPos": 2,
              },
              {
                "code": "S",
                "data": "T",
                "pos": 10,
                "refPos": 10,
              },
            ],
            "readGroupId": -1,
            "readLength": 10,
            "readName": "s0b",
            "sequenceId": 0,
            "tags": {},
            "templateSize": 0,
            "uniqueId": 10391,
          },
          {
            "alignmentStart": 2,
            "cramFlags": 3,
            "flags": 0,
            "lengthOnRef": 8,
            "mappingQuality": 0,
            "qualityScores": [
              9,
              9,
              9,
              9,
              9,
              9,
              9,
              9,
            ],
            "readBases": undefined,
            "readFeatures": [
              {
                "code": "H",
                "data": 1,
                "pos": 1,
                "refPos": 2,
              },
              {
                "code": "H",
                "data": 1,
                "pos": 9,
                "refPos": 10,
              },
            ],
            "readGroupId": -1,
            "readLength": 8,
            "readName": "s0B",
            "sequenceId": 0,
            "tags": {},
            "templateSize": 0,
            "uniqueId": 10392,
          },
          {
            "alignmentStart": 3,
            "cramFlags": 3,
            "flags": 0,
            "lengthOnRef": 6,
            "mappingQuality": 0,
            "qualityScores": [
              9,
              9,
              9,
              9,
              9,
              9,
              9,
              9,
              9,
              9,
            ],
            "readBases": undefined,
            "readFeatures": [
              {
                "code": "S",
                "data": "AA",
                "pos": 1,
                "refPos": 3,
              },
              {
                "code": "S",
                "data": "TT",
                "pos": 9,
                "refPos": 9,
              },
            ],
            "readGroupId": -1,
            "readLength": 10,
            "readName": "s0c",
            "sequenceId": 0,
            "tags": {},
            "templateSize": 0,
            "uniqueId": 10393,
          },
          {
            "alignmentStart": 3,
            "cramFlags": 3,
            "flags": 0,
            "lengthOnRef": 6,
            "mappingQuality": 0,
            "qualityScores": [
              9,
              9,
              9,
              9,
              9,
              9,
              9,
              9,
              9,
              9,
              9,
              9,
            ],
            "readBases": undefined,
            "readFeatures": [
              {
                "code": "S",
                "data": "AA",
                "pos": 1,
                "refPos": 3,
              },
              {
                "code": "I",
                "data": "NN",
                "pos": 6,
                "refPos": 6,
              },
              {
                "code": "S",
                "data": "TT",
                "pos": 11,
                "refPos": 9,
              },
            ],
            "readGroupId": -1,
            "readLength": 12,
            "readName": "s0c",
            "sequenceId": 0,
            "tags": {},
            "templateSize": 0,
            "uniqueId": 10394,
          },
          {
            "alignmentStart": 3,
            "cramFlags": 3,
            "flags": 0,
            "lengthOnRef": 6,
            "mappingQuality": 0,
            "qualityScores": [
              9,
              9,
              9,
              9,
              9,
              9,
            ],
            "readBases": undefined,
            "readFeatures": [
              {
                "code": "H",
                "data": 2,
                "pos": 1,
                "refPos": 3,
              },
              {
                "code": "H",
                "data": 2,
                "pos": 7,
                "refPos": 9,
              },
            ],
            "readGroupId": -1,
            "readLength": 6,
            "readName": "s0C",
            "sequenceId": 0,
            "tags": {},
            "templateSize": 0,
            "uniqueId": 10395,
          },
        ],
        "header": {
          "_endPosition": 10420,
          "_size": 32,
          "compressedSize": 32,
          "compressionMethod": "raw",
          "content": Uint8Array [
            0,
            1,
            10,
            7,
            0,
            5,
            4,
            11,
            12,
            13,
            14,
            255,
            255,
            255,
            255,
            15,
            226,
            36,
            189,
            138,
            112,
            229,
            70,
            108,
            106,
            3,
            59,
            232,
            134,
            4,
            92,
            133,
          ],
          "contentId": 0,
          "contentPosition": 10388,
          "contentType": "MAPPED_SLICE_HEADER",
          "parsedContent": {
            "_endPosition": 10185,
            "_size": 32,
            "contentIds": [
              11,
              12,
              13,
              14,
            ],
            "md5": [
              226,
              36,
              189,
              138,
              112,
              229,
              70,
              108,
              106,
              3,
              59,
              232,
              134,
              4,
              92,
              133,
            ],
            "numBlocks": 5,
            "numContentIds": 4,
            "numRecords": 7,
            "recordCounter": 0,
            "refBaseBlockId": -1,
            "refSeqId": 0,
            "refSeqSpan": 10,
            "refSeqStart": 1,
          },
          "uncompressedSize": 32,
        },
      },
    ],
  },
]
`;
