// Vitest Snapshot v1, https://vitest.dev/guide/snapshot.html

exports[`can dump the whole ce#5.tmp.cram without error 1`] = `
[
  {
    "fileId": "-",
    "magic": "CRAM",
    "majorVersion": 3,
    "minorVersion": 0,
  },
  {
    "containerHeader": {
      "_endPosition": 45,
      "_size": 19,
      "alignmentSpan": 0,
      "crc32": 2484801954,
      "landmarks": [
        0,
        246,
      ],
      "length": 378,
      "numBases": 0,
      "numBlocks": 2,
      "numLandmarks": 2,
      "numRecords": 0,
      "recordCounter": 0,
      "refSeqId": 0,
      "refSeqStart": 0,
    },
    "data": [
      {
        "_endPosition": 45,
        "_size": 19,
        "alignmentSpan": 0,
        "crc32": 2484801954,
        "landmarks": [
          0,
          246,
        ],
        "length": 378,
        "numBases": 0,
        "numBlocks": 2,
        "numLandmarks": 2,
        "numRecords": 0,
        "recordCounter": 0,
        "refSeqId": 0,
        "refSeqStart": 0,
      },
      {
        "samHeader": [
          {
            "data": [
              {
                "tag": "SN",
                "value": "CHROMOSOME_I",
              },
              {
                "tag": "LN",
                "value": "1009800",
              },
              {
                "tag": "M5",
                "value": "8ede36131e0dbf3417807e48f77f3ebd",
              },
              {
                "tag": "UR",
                "value": "/Users/rbuels/dev/htslib/test/ce.fa",
              },
            ],
            "tag": "SQ",
          },
          {
            "data": [
              {
                "tag": "SN",
                "value": "CHROMOSOME_II",
              },
              {
                "tag": "LN",
                "value": "5000",
              },
              {
                "tag": "M5",
                "value": "8e7993f7a93158587ee897d7287948ec",
              },
              {
                "tag": "UR",
                "value": "/Users/rbuels/dev/htslib/test/ce.fa",
              },
            ],
            "tag": "SQ",
          },
          {
            "data": [
              {
                "tag": "SN",
                "value": "CHROMOSOME_III",
              },
              {
                "tag": "LN",
                "value": "5000",
              },
              {
                "tag": "M5",
                "value": "3adcb065e1cf74fafdbba1e8c352b323",
              },
              {
                "tag": "UR",
                "value": "/Users/rbuels/dev/htslib/test/ce.fa",
              },
            ],
            "tag": "SQ",
          },
          {
            "data": [
              {
                "tag": "SN",
                "value": "CHROMOSOME_IV",
              },
              {
                "tag": "LN",
                "value": "5000",
              },
              {
                "tag": "M5",
                "value": "251af66a69ee589c9f3757340ec2de6f",
              },
              {
                "tag": "UR",
                "value": "/Users/rbuels/dev/htslib/test/ce.fa",
              },
            ],
            "tag": "SQ",
          },
          {
            "data": [
              {
                "tag": "SN",
                "value": "CHROMOSOME_V",
              },
              {
                "tag": "LN",
                "value": "5000",
              },
              {
                "tag": "M5",
                "value": "cf200a65fb754836dcc56b24b3170ee8",
              },
              {
                "tag": "UR",
                "value": "/Users/rbuels/dev/htslib/test/ce.fa",
              },
            ],
            "tag": "SQ",
          },
        ],
      },
      {
        "samHeader": [
          {
            "data": [
              {
                "tag": "SN",
                "value": "CHROMOSOME_I",
              },
              {
                "tag": "LN",
                "value": "1009800",
              },
              {
                "tag": "M5",
                "value": "8ede36131e0dbf3417807e48f77f3ebd",
              },
              {
                "tag": "UR",
                "value": "/Users/rbuels/dev/htslib/test/ce.fa",
              },
            ],
            "tag": "SQ",
          },
          {
            "data": [
              {
                "tag": "SN",
                "value": "CHROMOSOME_II",
              },
              {
                "tag": "LN",
                "value": "5000",
              },
              {
                "tag": "M5",
                "value": "8e7993f7a93158587ee897d7287948ec",
              },
              {
                "tag": "UR",
                "value": "/Users/rbuels/dev/htslib/test/ce.fa",
              },
            ],
            "tag": "SQ",
          },
          {
            "data": [
              {
                "tag": "SN",
                "value": "CHROMOSOME_III",
              },
              {
                "tag": "LN",
                "value": "5000",
              },
              {
                "tag": "M5",
                "value": "3adcb065e1cf74fafdbba1e8c352b323",
              },
              {
                "tag": "UR",
                "value": "/Users/rbuels/dev/htslib/test/ce.fa",
              },
            ],
            "tag": "SQ",
          },
          {
            "data": [
              {
                "tag": "SN",
                "value": "CHROMOSOME_IV",
              },
              {
                "tag": "LN",
                "value": "5000",
              },
              {
                "tag": "M5",
                "value": "251af66a69ee589c9f3757340ec2de6f",
              },
              {
                "tag": "UR",
                "value": "/Users/rbuels/dev/htslib/test/ce.fa",
              },
            ],
            "tag": "SQ",
          },
          {
            "data": [
              {
                "tag": "SN",
                "value": "CHROMOSOME_V",
              },
              {
                "tag": "LN",
                "value": "5000",
              },
              {
                "tag": "M5",
                "value": "cf200a65fb754836dcc56b24b3170ee8",
              },
              {
                "tag": "UR",
                "value": "/Users/rbuels/dev/htslib/test/ce.fa",
              },
            ],
            "tag": "SQ",
          },
        ],
      },
    ],
  },
  {
    "compressionScheme": {
      "APdelta": true,
      "dataSeriesEncoding": {
        "AP": {
          "codecId": 3,
          "parameters": {
            "bitLengths": [
              0,
            ],
            "numCodes": 1,
            "numLengths": 1,
            "symbols": [
              0,
            ],
          },
          "parametersBytes": 4,
        },
        "BB": {
          "codecId": 4,
          "parameters": {
            "lengthsEncoding": {
              "codecId": 1,
              "parameters": {
                "blockContentId": 42,
              },
              "parametersBytes": 1,
            },
            "valuesEncoding": {
              "codecId": 1,
              "parameters": {
                "blockContentId": 37,
              },
              "parametersBytes": 1,
            },
          },
          "parametersBytes": 6,
        },
        "BF": {
          "codecId": 1,
          "parameters": {
            "blockContentId": 15,
          },
          "parametersBytes": 1,
        },
        "BS": {
          "codecId": 1,
          "parameters": {
            "blockContentId": 31,
          },
          "parametersBytes": 1,
        },
        "CF": {
          "codecId": 3,
          "parameters": {
            "bitLengths": [
              0,
            ],
            "numCodes": 1,
            "numLengths": 1,
            "symbols": [
              3,
            ],
          },
          "parametersBytes": 4,
        },
        "DL": {
          "codecId": 1,
          "parameters": {
            "blockContentId": 29,
          },
          "parametersBytes": 1,
        },
        "FC": {
          "codecId": 1,
          "parameters": {
            "blockContentId": 27,
          },
          "parametersBytes": 1,
        },
        "FN": {
          "codecId": 1,
          "parameters": {
            "blockContentId": 26,
          },
          "parametersBytes": 1,
        },
        "FP": {
          "codecId": 1,
          "parameters": {
            "blockContentId": 28,
          },
          "parametersBytes": 1,
        },
        "IN": {
          "codecId": 5,
          "parameters": {
            "blockContentId": 13,
            "stopByte": 0,
          },
          "parametersBytes": 2,
        },
        "MF": {
          "codecId": 3,
          "parameters": {
            "bitLengths": [
              0,
            ],
            "numCodes": 1,
            "numLengths": 1,
            "symbols": [
              0,
            ],
          },
          "parametersBytes": 4,
        },
        "MQ": {
          "codecId": 3,
          "parameters": {
            "bitLengths": [
              0,
            ],
            "numCodes": 1,
            "numLengths": 1,
            "symbols": [
              1,
            ],
          },
          "parametersBytes": 4,
        },
        "NP": {
          "codecId": 3,
          "parameters": {
            "bitLengths": [
              0,
            ],
            "numCodes": 1,
            "numLengths": 1,
            "symbols": [
              0,
            ],
          },
          "parametersBytes": 4,
        },
        "NS": {
          "codecId": 3,
          "parameters": {
            "bitLengths": [
              0,
            ],
            "numCodes": 1,
            "numLengths": 1,
            "symbols": [
              -1,
            ],
          },
          "parametersBytes": 8,
        },
        "QS": {
          "codecId": 1,
          "parameters": {
            "blockContentId": 12,
          },
          "parametersBytes": 1,
        },
        "RG": {
          "codecId": 3,
          "parameters": {
            "bitLengths": [
              0,
            ],
            "numCodes": 1,
            "numLengths": 1,
            "symbols": [
              -1,
            ],
          },
          "parametersBytes": 8,
        },
        "RI": {
          "codecId": 3,
          "parameters": {
            "bitLengths": [
              0,
            ],
            "numCodes": 1,
            "numLengths": 1,
            "symbols": [
              0,
            ],
          },
          "parametersBytes": 4,
        },
        "RL": {
          "codecId": 3,
          "parameters": {
            "bitLengths": [
              0,
            ],
            "numCodes": 1,
            "numLengths": 1,
            "symbols": [
              100,
            ],
          },
          "parametersBytes": 4,
        },
        "RN": {
          "codecId": 5,
          "parameters": {
            "blockContentId": 11,
            "stopByte": 0,
          },
          "parametersBytes": 2,
        },
        "SC": {
          "codecId": 5,
          "parameters": {
            "blockContentId": 14,
            "stopByte": 0,
          },
          "parametersBytes": 2,
        },
        "TL": {
          "codecId": 1,
          "parameters": {
            "blockContentId": 32,
          },
          "parametersBytes": 1,
        },
        "TS": {
          "codecId": 3,
          "parameters": {
            "bitLengths": [
              0,
            ],
            "numCodes": 1,
            "numLengths": 1,
            "symbols": [
              0,
            ],
          },
          "parametersBytes": 4,
        },
      },
      "readNamesIncluded": true,
      "referenceRequired": false,
      "substitutionMatrix": [
        [
          "C",
          "G",
          "T",
          "N",
        ],
        [
          "A",
          "G",
          "T",
          "N",
        ],
        [
          "A",
          "C",
          "T",
          "N",
        ],
        [
          "A",
          "C",
          "G",
          "N",
        ],
        [
          "A",
          "C",
          "G",
          "T",
        ],
      ],
      "tagEncoding": {
        "ASc": {
          "codecId": 4,
          "parameters": {
            "lengthsEncoding": {
              "codecId": 3,
              "parameters": {
                "bitLengths": [
                  0,
                ],
                "numCodes": 1,
                "numLengths": 1,
                "symbols": [
                  1,
                ],
              },
              "parametersBytes": 4,
            },
            "valuesEncoding": {
              "codecId": 1,
              "parameters": {
                "blockContentId": 4281187,
              },
              "parametersBytes": 4,
            },
          },
          "parametersBytes": 12,
        },
        "XGC": {
          "codecId": 4,
          "parameters": {
            "lengthsEncoding": {
              "codecId": 3,
              "parameters": {
                "bitLengths": [
                  0,
                ],
                "numCodes": 1,
                "numLengths": 1,
                "symbols": [
                  1,
                ],
              },
              "parametersBytes": 4,
            },
            "valuesEncoding": {
              "codecId": 1,
              "parameters": {
                "blockContentId": 5785411,
              },
              "parametersBytes": 4,
            },
          },
          "parametersBytes": 12,
        },
        "XMC": {
          "codecId": 4,
          "parameters": {
            "lengthsEncoding": {
              "codecId": 3,
              "parameters": {
                "bitLengths": [
                  0,
                ],
                "numCodes": 1,
                "numLengths": 1,
                "symbols": [
                  1,
                ],
              },
              "parametersBytes": 4,
            },
            "valuesEncoding": {
              "codecId": 1,
              "parameters": {
                "blockContentId": 5786947,
              },
              "parametersBytes": 4,
            },
          },
          "parametersBytes": 12,
        },
        "XNC": {
          "codecId": 4,
          "parameters": {
            "lengthsEncoding": {
              "codecId": 3,
              "parameters": {
                "bitLengths": [
                  0,
                ],
                "numCodes": 1,
                "numLengths": 1,
                "symbols": [
                  1,
                ],
              },
              "parametersBytes": 4,
            },
            "valuesEncoding": {
              "codecId": 1,
              "parameters": {
                "blockContentId": 5787203,
              },
              "parametersBytes": 4,
            },
          },
          "parametersBytes": 12,
        },
        "XOC": {
          "codecId": 4,
          "parameters": {
            "lengthsEncoding": {
              "codecId": 3,
              "parameters": {
                "bitLengths": [
                  0,
                ],
                "numCodes": 1,
                "numLengths": 1,
                "symbols": [
                  1,
                ],
              },
              "parametersBytes": 4,
            },
            "valuesEncoding": {
              "codecId": 1,
              "parameters": {
                "blockContentId": 5787459,
              },
              "parametersBytes": 4,
            },
          },
          "parametersBytes": 12,
        },
        "XSc": {
          "codecId": 4,
          "parameters": {
            "lengthsEncoding": {
              "codecId": 3,
              "parameters": {
                "bitLengths": [
                  0,
                ],
                "numCodes": 1,
                "numLengths": 1,
                "symbols": [
                  1,
                ],
              },
              "parametersBytes": 4,
            },
            "valuesEncoding": {
              "codecId": 1,
              "parameters": {
                "blockContentId": 5788515,
              },
              "parametersBytes": 4,
            },
          },
          "parametersBytes": 12,
        },
        "YTZ": {
          "codecId": 5,
          "parameters": {
            "blockContentId": 5854298,
            "stopByte": 9,
          },
          "parametersBytes": 5,
        },
      },
      "tagIdsDictionary": [
        [
          "XGC",
          "XMC",
          "XNC",
          "XOC",
          "XSc",
          "ASc",
          "YTZ",
        ],
        [],
      ],
    },
    "containerHeader": {
      "_endPosition": 444,
      "_size": 21,
      "alignmentSpan": 100100,
      "crc32": 3126741803,
      "landmarks": [
        332,
      ],
      "length": 1048,
      "numBases": 600,
      "numBlocks": 19,
      "numLandmarks": 1,
      "numRecords": 6,
      "recordCounter": 0,
      "refSeqId": 0,
      "refSeqStart": 2,
    },
    "data": [
      {
        "_endPosition": 444,
        "_size": 21,
        "alignmentSpan": 100100,
        "crc32": 3126741803,
        "landmarks": [
          332,
        ],
        "length": 1048,
        "numBases": 600,
        "numBlocks": 19,
        "numLandmarks": 1,
        "numRecords": 6,
        "recordCounter": 0,
        "refSeqId": 0,
        "refSeqStart": 2,
      },
      {
        "features": [
          {
            "alignmentStart": 2,
            "cramFlags": 3,
            "flags": 16,
            "lengthOnRef": 101,
            "mappingQuality": 1,
            "qualityScores": [
              2,
              2,
              2,
              2,
              2,
              2,
              2,
              2,
              2,
              2,
              2,
              2,
              2,
              2,
              2,
              2,
              2,
              2,
              2,
              2,
              2,
              2,
              2,
              2,
              2,
              2,
              2,
              2,
              2,
              31,
              33,
              30,
              23,
              33,
              30,
              33,
              32,
              31,
              31,
              35,
              35,
              33,
              34,
              35,
              35,
              34,
              33,
              34,
              31,
              34,
              35,
              34,
              35,
              34,
              34,
              34,
              34,
              34,
              34,
              34,
              34,
              34,
              34,
              34,
              34,
              34,
              34,
              34,
              34,
              34,
              34,
              34,
              34,
              34,
              34,
              34,
              34,
              34,
              34,
              34,
              34,
              34,
              34,
              34,
              34,
              34,
              34,
              34,
              34,
              34,
              34,
              34,
              34,
              34,
              34,
              34,
              34,
              34,
              34,
              34,
            ],
            "readBases": undefined,
            "readFeatures": [
              {
                "code": "X",
                "data": 1,
                "pos": 5,
                "refPos": 6,
              },
              {
                "code": "X",
                "data": 1,
                "pos": 6,
                "refPos": 7,
              },
              {
                "code": "X",
                "data": 1,
                "pos": 12,
                "refPos": 13,
              },
              {
                "code": "X",
                "data": 1,
                "pos": 18,
                "refPos": 19,
              },
              {
                "code": "X",
                "data": 1,
                "pos": 24,
                "refPos": 25,
              },
              {
                "code": "D",
                "data": 1,
                "pos": 28,
                "refPos": 29,
              },
            ],
            "readGroupId": -1,
            "readLength": 100,
            "readName": "I",
            "sequenceId": 0,
            "tags": {
              "AS": -18,
              "XG": 1,
              "XM": 5,
              "XN": 0,
              "XO": 1,
              "XS": -18,
              "YT": "UU",
            },
            "templateSize": 0,
            "uniqueId": 782,
          },
          {
            "alignmentStart": 2,
            "cramFlags": 3,
            "flags": 16,
            "lengthOnRef": 101,
            "mappingQuality": 1,
            "qualityScores": [
              2,
              2,
              2,
              2,
              2,
              2,
              2,
              2,
              2,
              2,
              2,
              2,
              2,
              2,
              2,
              2,
              2,
              2,
              2,
              2,
              2,
              2,
              2,
              2,
              2,
              2,
              2,
              2,
              2,
              31,
              33,
              30,
              23,
              33,
              30,
              33,
              32,
              31,
              31,
              35,
              35,
              33,
              34,
              35,
              35,
              34,
              33,
              34,
              31,
              34,
              35,
              34,
              35,
              34,
              34,
              34,
              34,
              34,
              34,
              34,
              34,
              34,
              34,
              34,
              34,
              34,
              34,
              34,
              34,
              34,
              34,
              34,
              34,
              34,
              34,
              34,
              34,
              34,
              34,
              34,
              34,
              34,
              34,
              34,
              34,
              34,
              34,
              34,
              34,
              34,
              34,
              34,
              34,
              34,
              34,
              34,
              34,
              34,
              34,
              34,
            ],
            "readBases": undefined,
            "readFeatures": [
              {
                "code": "X",
                "data": 1,
                "pos": 5,
                "refPos": 6,
              },
              {
                "code": "X",
                "data": 1,
                "pos": 6,
                "refPos": 7,
              },
              {
                "code": "X",
                "data": 1,
                "pos": 12,
                "refPos": 13,
              },
              {
                "code": "X",
                "data": 1,
                "pos": 18,
                "refPos": 19,
              },
              {
                "code": "X",
                "data": 1,
                "pos": 24,
                "refPos": 25,
              },
              {
                "code": "D",
                "data": 1,
                "pos": 28,
                "refPos": 29,
              },
            ],
            "readGroupId": -1,
            "readLength": 100,
            "readName": "II.14978392",
            "sequenceId": 0,
            "tags": {
              "AS": -18,
              "XG": 1,
              "XM": 5,
              "XN": 0,
              "XO": 1,
              "XS": -18,
              "YT": "UU",
            },
            "templateSize": 0,
            "uniqueId": 783,
          },
          {
            "alignmentStart": 2,
            "cramFlags": 3,
            "flags": 16,
            "lengthOnRef": 101,
            "mappingQuality": 1,
            "qualityScores": [
              2,
              2,
              2,
              2,
              2,
              2,
              2,
              2,
              2,
              2,
              2,
              2,
              2,
              2,
              2,
              2,
              2,
              2,
              2,
              2,
              2,
              2,
              2,
              2,
              2,
              2,
              2,
              2,
              2,
              31,
              33,
              30,
              23,
              33,
              30,
              33,
              32,
              31,
              31,
              35,
              35,
              33,
              34,
              35,
              35,
              34,
              33,
              34,
              31,
              34,
              35,
              34,
              35,
              34,
              34,
              34,
              34,
              34,
              34,
              34,
              34,
              34,
              34,
              34,
              34,
              34,
              34,
              34,
              34,
              34,
              34,
              34,
              34,
              34,
              34,
              34,
              34,
              34,
              34,
              34,
              34,
              34,
              34,
              34,
              34,
              34,
              34,
              34,
              34,
              34,
              34,
              34,
              34,
              34,
              34,
              34,
              34,
              34,
              34,
              34,
            ],
            "readBases": undefined,
            "readFeatures": [
              {
                "code": "X",
                "data": 1,
                "pos": 5,
                "refPos": 6,
              },
              {
                "code": "X",
                "data": 1,
                "pos": 6,
                "refPos": 7,
              },
              {
                "code": "X",
                "data": 1,
                "pos": 12,
                "refPos": 13,
              },
              {
                "code": "X",
                "data": 1,
                "pos": 18,
                "refPos": 19,
              },
              {
                "code": "X",
                "data": 1,
                "pos": 24,
                "refPos": 25,
              },
              {
                "code": "D",
                "data": 1,
                "pos": 28,
                "refPos": 29,
              },
            ],
            "readGroupId": -1,
            "readLength": 100,
            "readName": "III",
            "sequenceId": 0,
            "tags": {
              "AS": -18,
              "XG": 1,
              "XM": 5,
              "XN": 0,
              "XO": 1,
              "XS": -18,
              "YT": "UU",
            },
            "templateSize": 0,
            "uniqueId": 784,
          },
          {
            "alignmentStart": 2,
            "cramFlags": 3,
            "flags": 16,
            "lengthOnRef": 101,
            "mappingQuality": 1,
            "qualityScores": [
              2,
              2,
              2,
              2,
              2,
              2,
              2,
              2,
              2,
              2,
              2,
              2,
              2,
              2,
              2,
              2,
              2,
              2,
              2,
              2,
              2,
              2,
              2,
              2,
              2,
              2,
              2,
              2,
              2,
              31,
              33,
              30,
              23,
              33,
              30,
              33,
              32,
              31,
              31,
              35,
              35,
              33,
              34,
              35,
              35,
              34,
              33,
              34,
              31,
              34,
              35,
              34,
              35,
              34,
              34,
              34,
              34,
              34,
              34,
              34,
              34,
              34,
              34,
              34,
              34,
              34,
              34,
              34,
              34,
              34,
              34,
              34,
              34,
              34,
              34,
              34,
              34,
              34,
              34,
              34,
              34,
              34,
              34,
              34,
              34,
              34,
              34,
              34,
              34,
              34,
              34,
              34,
              34,
              34,
              34,
              34,
              34,
              34,
              34,
              34,
            ],
            "readBases": undefined,
            "readFeatures": [
              {
                "code": "X",
                "data": 1,
                "pos": 5,
                "refPos": 6,
              },
              {
                "code": "X",
                "data": 1,
                "pos": 6,
                "refPos": 7,
              },
              {
                "code": "X",
                "data": 1,
                "pos": 12,
                "refPos": 13,
              },
              {
                "code": "X",
                "data": 1,
                "pos": 18,
                "refPos": 19,
              },
              {
                "code": "X",
                "data": 1,
                "pos": 24,
                "refPos": 25,
              },
              {
                "code": "D",
                "data": 1,
                "pos": 28,
                "refPos": 29,
              },
            ],
            "readGroupId": -1,
            "readLength": 100,
            "readName": "IV",
            "sequenceId": 0,
            "tags": {
              "AS": -18,
              "XG": 1,
              "XM": 5,
              "XN": 0,
              "XO": 1,
              "XS": -18,
              "YT": "UU",
            },
            "templateSize": 0,
            "uniqueId": 785,
          },
          {
            "alignmentStart": 2,
            "cramFlags": 3,
            "flags": 16,
            "lengthOnRef": 101,
            "mappingQuality": 1,
            "qualityScores": [
              2,
              2,
              2,
              2,
              2,
              2,
              2,
              2,
              2,
              2,
              2,
              2,
              2,
              2,
              2,
              2,
              2,
              2,
              2,
              2,
              2,
              2,
              2,
              2,
              2,
              2,
              2,
              2,
              2,
              31,
              33,
              30,
              23,
              33,
              30,
              33,
              32,
              31,
              31,
              35,
              35,
              33,
              34,
              35,
              35,
              34,
              33,
              34,
              31,
              34,
              35,
              34,
              35,
              34,
              34,
              34,
              34,
              34,
              34,
              34,
              34,
              34,
              34,
              34,
              34,
              34,
              34,
              34,
              34,
              34,
              34,
              34,
              34,
              34,
              34,
              34,
              34,
              34,
              34,
              34,
              34,
              34,
              34,
              34,
              34,
              34,
              34,
              34,
              34,
              34,
              34,
              34,
              34,
              34,
              34,
              34,
              34,
              34,
              34,
              34,
            ],
            "readBases": undefined,
            "readFeatures": [
              {
                "code": "X",
                "data": 1,
                "pos": 5,
                "refPos": 6,
              },
              {
                "code": "X",
                "data": 1,
                "pos": 6,
                "refPos": 7,
              },
              {
                "code": "X",
                "data": 1,
                "pos": 12,
                "refPos": 13,
              },
              {
                "code": "X",
                "data": 1,
                "pos": 18,
                "refPos": 19,
              },
              {
                "code": "X",
                "data": 1,
                "pos": 24,
                "refPos": 25,
              },
              {
                "code": "D",
                "data": 1,
                "pos": 28,
                "refPos": 29,
              },
            ],
            "readGroupId": -1,
            "readLength": 100,
            "readName": "V",
            "sequenceId": 0,
            "tags": {
              "AS": -18,
              "XG": 1,
              "XM": 5,
              "XN": 0,
              "XO": 1,
              "XS": -18,
              "YT": "UU",
            },
            "templateSize": 0,
            "uniqueId": 786,
          },
          {
            "alignmentStart": 2,
            "cramFlags": 3,
            "flags": 2048,
            "lengthOnRef": 100100,
            "mappingQuality": 1,
            "qualityScores": [
              2,
              2,
              2,
              2,
              2,
              2,
              2,
              2,
              2,
              2,
              2,
              2,
              2,
              2,
              2,
              2,
              2,
              2,
              2,
              2,
              2,
              2,
              2,
              2,
              2,
              2,
              2,
              2,
              2,
              31,
              33,
              30,
              23,
              33,
              30,
              33,
              32,
              31,
              31,
              35,
              35,
              33,
              34,
              35,
              35,
              34,
              33,
              34,
              31,
              34,
              35,
              34,
              35,
              34,
              34,
              34,
              34,
              34,
              34,
              34,
              34,
              34,
              34,
              34,
              34,
              34,
              34,
              34,
              34,
              34,
              34,
              34,
              34,
              34,
              34,
              34,
              34,
              34,
              34,
              34,
              34,
              34,
              34,
              34,
              34,
              34,
              34,
              34,
              34,
              34,
              34,
              34,
              34,
              34,
              34,
              34,
              34,
              34,
              34,
              34,
            ],
            "readBases": undefined,
            "readFeatures": [
              {
                "code": "X",
                "data": 0,
                "pos": 1,
                "refPos": 2,
              },
              {
                "code": "X",
                "data": 0,
                "pos": 27,
                "refPos": 28,
              },
              {
                "code": "D",
                "data": 100000,
                "pos": 28,
                "refPos": 29,
              },
              {
                "code": "X",
                "data": 0,
                "pos": 28,
                "refPos": 100029,
              },
              {
                "code": "X",
                "data": 0,
                "pos": 100,
                "refPos": 100101,
              },
            ],
            "readGroupId": -1,
            "readLength": 100,
            "readName": "VI",
            "sequenceId": 0,
            "tags": {},
            "templateSize": 0,
            "uniqueId": 787,
          },
        ],
        "header": {
          "_endPosition": 852,
          "_size": 71,
          "compressedSize": 67,
          "compressionMethod": "raw",
          "content": Uint8Array [
            0,
            2,
            193,
            135,
            4,
            6,
            0,
            17,
            16,
            11,
            12,
            15,
            26,
            27,
            28,
            29,
            31,
            32,
            224,
            88,
            83,
            99,
            224,
            88,
            79,
            67,
            224,
            88,
            77,
            67,
            224,
            88,
            71,
            67,
            224,
            88,
            78,
            67,
            224,
            89,
            84,
            90,
            224,
            65,
            83,
            99,
            255,
            255,
            255,
            255,
            15,
            141,
            217,
            102,
            124,
            204,
            42,
            226,
            90,
            139,
            251,
            231,
            239,
            221,
            251,
            155,
            86,
          ],
          "contentId": 0,
          "contentPosition": 781,
          "contentType": "MAPPED_SLICE_HEADER",
          "crc32": 2560509634,
          "parsedContent": {
            "_endPosition": 511,
            "_size": 67,
            "contentIds": [
              11,
              12,
              15,
              26,
              27,
              28,
              29,
              31,
              32,
              5788515,
              5787459,
              5786947,
              5785411,
              5787203,
              5854298,
              4281187,
            ],
            "md5": [
              141,
              217,
              102,
              124,
              204,
              42,
              226,
              90,
              139,
              251,
              231,
              239,
              221,
              251,
              155,
              86,
            ],
            "numBlocks": 17,
            "numContentIds": 16,
            "numRecords": 6,
            "recordCounter": 0,
            "refBaseBlockId": -1,
            "refSeqId": 0,
            "refSeqSpan": 100100,
            "refSeqStart": 2,
          },
          "uncompressedSize": 67,
        },
      },
    ],
  },
]
`;
