// Vitest Snapshot v1, https://vitest.dev/guide/snapshot.html

exports[`can dump the whole hts-specs/cram/3.0/passed/0800_ctr.cram without error 1`] = `
[
  {
    "fileId": "_.cram",
    "magic": "CRAM",
    "majorVersion": 3,
    "minorVersion": 0,
  },
  {
    "containerHeader": {
      "_endPosition": 45,
      "_size": 19,
      "alignmentSpan": 0,
      "crc32": 628631960,
      "landmarks": [
        0,
        732,
      ],
      "length": 1109,
      "numBases": 0,
      "numBlocks": 2,
      "numLandmarks": 2,
      "numRecords": 0,
      "recordCounter": 0,
      "refSeqId": 0,
      "refSeqStart": 0,
    },
    "data": [
      {
        "_endPosition": 45,
        "_size": 19,
        "alignmentSpan": 0,
        "crc32": 628631960,
        "landmarks": [
          0,
          732,
        ],
        "length": 1109,
        "numBases": 0,
        "numBlocks": 2,
        "numLandmarks": 2,
        "numRecords": 0,
        "recordCounter": 0,
        "refSeqId": 0,
        "refSeqStart": 0,
      },
      {
        "samHeader": [
          {
            "data": [
              {
                "tag": "SN",
                "value": "CHROMOSOME_I",
              },
              {
                "tag": "LN",
                "value": "1009800",
              },
              {
                "tag": "M5",
                "value": "8ede36131e0dbf3417807e48f77f3ebd",
              },
              {
                "tag": "UR",
                "value": "/nfs/users/nfs_j/jkb/work/samtools_master/hts-specs/test/CRAM/passed/ce.fa",
              },
            ],
            "tag": "SQ",
          },
          {
            "data": [
              {
                "tag": "SN",
                "value": "CHROMOSOME_II",
              },
              {
                "tag": "LN",
                "value": "5000",
              },
              {
                "tag": "M5",
                "value": "8e7993f7a93158587ee897d7287948ec",
              },
              {
                "tag": "UR",
                "value": "/nfs/users/nfs_j/jkb/work/samtools_master/hts-specs/test/CRAM/passed/ce.fa",
              },
            ],
            "tag": "SQ",
          },
          {
            "data": [
              {
                "tag": "SN",
                "value": "CHROMOSOME_III",
              },
              {
                "tag": "LN",
                "value": "5000",
              },
              {
                "tag": "M5",
                "value": "3adcb065e1cf74fafdbba1e8c352b323",
              },
              {
                "tag": "UR",
                "value": "/nfs/users/nfs_j/jkb/work/samtools_master/hts-specs/test/CRAM/passed/ce.fa",
              },
            ],
            "tag": "SQ",
          },
          {
            "data": [
              {
                "tag": "SN",
                "value": "CHROMOSOME_IV",
              },
              {
                "tag": "LN",
                "value": "5000",
              },
              {
                "tag": "M5",
                "value": "251af66a69ee589c9f3757340ec2de6f",
              },
              {
                "tag": "UR",
                "value": "/nfs/users/nfs_j/jkb/work/samtools_master/hts-specs/test/CRAM/passed/ce.fa",
              },
            ],
            "tag": "SQ",
          },
          {
            "data": [
              {
                "tag": "SN",
                "value": "CHROMOSOME_V",
              },
              {
                "tag": "LN",
                "value": "5000",
              },
              {
                "tag": "M5",
                "value": "cf200a65fb754836dcc56b24b3170ee8",
              },
              {
                "tag": "UR",
                "value": "/nfs/users/nfs_j/jkb/work/samtools_master/hts-specs/test/CRAM/passed/ce.fa",
              },
            ],
            "tag": "SQ",
          },
        ],
      },
      {
        "samHeader": [
          {
            "data": [
              {
                "tag": "SN",
                "value": "CHROMOSOME_I",
              },
              {
                "tag": "LN",
                "value": "1009800",
              },
              {
                "tag": "M5",
                "value": "8ede36131e0dbf3417807e48f77f3ebd",
              },
              {
                "tag": "UR",
                "value": "/nfs/users/nfs_j/jkb/work/samtools_master/hts-specs/test/CRAM/passed/ce.fa",
              },
            ],
            "tag": "SQ",
          },
          {
            "data": [
              {
                "tag": "SN",
                "value": "CHROMOSOME_II",
              },
              {
                "tag": "LN",
                "value": "5000",
              },
              {
                "tag": "M5",
                "value": "8e7993f7a93158587ee897d7287948ec",
              },
              {
                "tag": "UR",
                "value": "/nfs/users/nfs_j/jkb/work/samtools_master/hts-specs/test/CRAM/passed/ce.fa",
              },
            ],
            "tag": "SQ",
          },
          {
            "data": [
              {
                "tag": "SN",
                "value": "CHROMOSOME_III",
              },
              {
                "tag": "LN",
                "value": "5000",
              },
              {
                "tag": "M5",
                "value": "3adcb065e1cf74fafdbba1e8c352b323",
              },
              {
                "tag": "UR",
                "value": "/nfs/users/nfs_j/jkb/work/samtools_master/hts-specs/test/CRAM/passed/ce.fa",
              },
            ],
            "tag": "SQ",
          },
          {
            "data": [
              {
                "tag": "SN",
                "value": "CHROMOSOME_IV",
              },
              {
                "tag": "LN",
                "value": "5000",
              },
              {
                "tag": "M5",
                "value": "251af66a69ee589c9f3757340ec2de6f",
              },
              {
                "tag": "UR",
                "value": "/nfs/users/nfs_j/jkb/work/samtools_master/hts-specs/test/CRAM/passed/ce.fa",
              },
            ],
            "tag": "SQ",
          },
          {
            "data": [
              {
                "tag": "SN",
                "value": "CHROMOSOME_V",
              },
              {
                "tag": "LN",
                "value": "5000",
              },
              {
                "tag": "M5",
                "value": "cf200a65fb754836dcc56b24b3170ee8",
              },
              {
                "tag": "UR",
                "value": "/nfs/users/nfs_j/jkb/work/samtools_master/hts-specs/test/CRAM/passed/ce.fa",
              },
            ],
            "tag": "SQ",
          },
        ],
      },
    ],
  },
  {
    "compressionScheme": {
      "APdelta": true,
      "dataSeriesEncoding": {
        "AP": {
          "codecId": 1,
          "parameters": {
            "blockContentId": 17,
          },
          "parametersBytes": 1,
        },
        "BB": {
          "codecId": 4,
          "parameters": {
            "lengthsEncoding": {
              "codecId": 1,
              "parameters": {
                "blockContentId": 42,
              },
              "parametersBytes": 1,
            },
            "valuesEncoding": {
              "codecId": 1,
              "parameters": {
                "blockContentId": 37,
              },
              "parametersBytes": 1,
            },
          },
          "parametersBytes": 6,
        },
        "BF": {
          "codecId": 3,
          "parameters": {
            "bitLengths": [
              0,
            ],
            "numCodes": 1,
            "numLengths": 1,
            "symbols": [
              0,
            ],
          },
          "parametersBytes": 4,
        },
        "CF": {
          "codecId": 3,
          "parameters": {
            "bitLengths": [
              0,
            ],
            "numCodes": 1,
            "numLengths": 1,
            "symbols": [
              3,
            ],
          },
          "parametersBytes": 4,
        },
        "FN": {
          "codecId": 3,
          "parameters": {
            "bitLengths": [
              0,
            ],
            "numCodes": 1,
            "numLengths": 1,
            "symbols": [
              0,
            ],
          },
          "parametersBytes": 4,
        },
        "IN": {
          "codecId": 5,
          "parameters": {
            "blockContentId": 13,
            "stopByte": 0,
          },
          "parametersBytes": 2,
        },
        "MF": {
          "codecId": 3,
          "parameters": {
            "bitLengths": [
              0,
            ],
            "numCodes": 1,
            "numLengths": 1,
            "symbols": [
              0,
            ],
          },
          "parametersBytes": 4,
        },
        "MQ": {
          "codecId": 1,
          "parameters": {
            "blockContentId": 19,
          },
          "parametersBytes": 1,
        },
        "NP": {
          "codecId": 3,
          "parameters": {
            "bitLengths": [
              0,
            ],
            "numCodes": 1,
            "numLengths": 1,
            "symbols": [
              0,
            ],
          },
          "parametersBytes": 4,
        },
        "NS": {
          "codecId": 3,
          "parameters": {
            "bitLengths": [
              0,
            ],
            "numCodes": 1,
            "numLengths": 1,
            "symbols": [
              -1,
            ],
          },
          "parametersBytes": 8,
        },
        "QS": {
          "codecId": 1,
          "parameters": {
            "blockContentId": 12,
          },
          "parametersBytes": 1,
        },
        "RG": {
          "codecId": 3,
          "parameters": {
            "bitLengths": [
              0,
            ],
            "numCodes": 1,
            "numLengths": 1,
            "symbols": [
              -1,
            ],
          },
          "parametersBytes": 8,
        },
        "RI": {
          "codecId": 3,
          "parameters": {
            "bitLengths": [
              0,
            ],
            "numCodes": 1,
            "numLengths": 1,
            "symbols": [
              0,
            ],
          },
          "parametersBytes": 4,
        },
        "RL": {
          "codecId": 3,
          "parameters": {
            "bitLengths": [
              0,
            ],
            "numCodes": 1,
            "numLengths": 1,
            "symbols": [
              50,
            ],
          },
          "parametersBytes": 4,
        },
        "RN": {
          "codecId": 5,
          "parameters": {
            "blockContentId": 11,
            "stopByte": 0,
          },
          "parametersBytes": 2,
        },
        "SC": {
          "codecId": 5,
          "parameters": {
            "blockContentId": 14,
            "stopByte": 0,
          },
          "parametersBytes": 2,
        },
        "TL": {
          "codecId": 3,
          "parameters": {
            "bitLengths": [
              0,
            ],
            "numCodes": 1,
            "numLengths": 1,
            "symbols": [
              0,
            ],
          },
          "parametersBytes": 4,
        },
        "TS": {
          "codecId": 3,
          "parameters": {
            "bitLengths": [
              0,
            ],
            "numCodes": 1,
            "numLengths": 1,
            "symbols": [
              0,
            ],
          },
          "parametersBytes": 4,
        },
      },
      "readNamesIncluded": true,
      "referenceRequired": false,
      "substitutionMatrix": [
        [
          "C",
          "G",
          "T",
          "N",
        ],
        [
          "A",
          "G",
          "T",
          "N",
        ],
        [
          "A",
          "C",
          "T",
          "N",
        ],
        [
          "A",
          "C",
          "G",
          "N",
        ],
        [
          "A",
          "C",
          "G",
          "T",
        ],
      ],
      "tagEncoding": {},
      "tagIdsDictionary": [
        [],
      ],
    },
    "containerHeader": {
      "_endPosition": 1175,
      "_size": 21,
      "alignmentSpan": 20050,
      "crc32": 3183493999,
      "landmarks": [
        174,
      ],
      "length": 487,
      "numBases": 200,
      "numBlocks": 7,
      "numLandmarks": 1,
      "numRecords": 4,
      "recordCounter": 0,
      "refSeqId": 0,
      "refSeqStart": 1,
    },
    "data": [
      {
        "_endPosition": 1175,
        "_size": 21,
        "alignmentSpan": 20050,
        "crc32": 3183493999,
        "landmarks": [
          174,
        ],
        "length": 487,
        "numBases": 200,
        "numBlocks": 7,
        "numLandmarks": 1,
        "numRecords": 4,
        "recordCounter": 0,
        "refSeqId": 0,
        "refSeqStart": 1,
      },
      {
        "features": [
          {
            "alignmentStart": 1,
            "cramFlags": 3,
            "flags": 0,
            "lengthOnRef": 50,
            "mappingQuality": 44,
            "qualityScores": [
              33,
              33,
              33,
              33,
              33,
              33,
              33,
              33,
              33,
              33,
              33,
              33,
              33,
              33,
              33,
              33,
              33,
              33,
              33,
              33,
              33,
              33,
              33,
              33,
              33,
              33,
              33,
              33,
              33,
              33,
              33,
              33,
              33,
              33,
              33,
              33,
              33,
              33,
              33,
              33,
              33,
              33,
              33,
              33,
              33,
              33,
              33,
              33,
              33,
              33,
            ],
            "readBases": undefined,
            "readGroupId": -1,
            "readLength": 50,
            "readName": "I1",
            "sequenceId": 0,
            "tags": {},
            "templateSize": 0,
            "uniqueId": 1355,
          },
          {
            "alignmentStart": 1001,
            "cramFlags": 3,
            "flags": 0,
            "lengthOnRef": 50,
            "mappingQuality": 55,
            "qualityScores": [
              33,
              33,
              33,
              33,
              33,
              33,
              33,
              33,
              33,
              33,
              33,
              33,
              33,
              33,
              33,
              33,
              33,
              33,
              33,
              33,
              33,
              33,
              33,
              33,
              33,
              33,
              33,
              33,
              33,
              33,
              33,
              33,
              33,
              33,
              33,
              33,
              33,
              33,
              33,
              33,
              33,
              33,
              33,
              33,
              33,
              33,
              33,
              33,
              33,
              33,
            ],
            "readBases": undefined,
            "readGroupId": -1,
            "readLength": 50,
            "readName": "I2",
            "sequenceId": 0,
            "tags": {},
            "templateSize": 0,
            "uniqueId": 1356,
          },
          {
            "alignmentStart": 10001,
            "cramFlags": 3,
            "flags": 0,
            "lengthOnRef": 50,
            "mappingQuality": 55,
            "qualityScores": [
              33,
              33,
              33,
              33,
              33,
              33,
              33,
              33,
              33,
              33,
              33,
              33,
              33,
              33,
              33,
              33,
              33,
              33,
              33,
              33,
              33,
              33,
              33,
              33,
              33,
              33,
              33,
              33,
              33,
              33,
              33,
              33,
              33,
              33,
              33,
              33,
              33,
              33,
              33,
              33,
              33,
              33,
              33,
              33,
              33,
              33,
              33,
              33,
              33,
              33,
            ],
            "readBases": undefined,
            "readGroupId": -1,
            "readLength": 50,
            "readName": "I3",
            "sequenceId": 0,
            "tags": {},
            "templateSize": 0,
            "uniqueId": 1357,
          },
          {
            "alignmentStart": 20001,
            "cramFlags": 3,
            "flags": 0,
            "lengthOnRef": 50,
            "mappingQuality": 66,
            "qualityScores": [
              33,
              33,
              33,
              33,
              33,
              33,
              33,
              33,
              33,
              33,
              33,
              33,
              33,
              33,
              33,
              33,
              33,
              33,
              33,
              33,
              33,
              33,
              33,
              33,
              33,
              33,
              33,
              33,
              33,
              33,
              33,
              33,
              33,
              33,
              33,
              33,
              33,
              33,
              33,
              33,
              33,
              33,
              33,
              33,
              33,
              33,
              33,
              33,
              33,
              33,
            ],
            "readBases": undefined,
            "readGroupId": -1,
            "readLength": 50,
            "readName": "I4",
            "sequenceId": 0,
            "tags": {},
            "templateSize": 0,
            "uniqueId": 1358,
          },
        ],
        "header": {
          "_endPosition": 1392,
          "_size": 38,
          "compressedSize": 34,
          "compressionMethod": "raw",
          "content": Uint8Array [
            0,
            1,
            192,
            78,
            82,
            4,
            0,
            5,
            4,
            11,
            12,
            17,
            19,
            255,
            255,
            255,
            255,
            15,
            214,
            68,
            79,
            82,
            76,
            48,
            191,
            56,
            57,
            178,
            208,
            115,
            50,
            57,
            197,
            147,
          ],
          "contentId": 0,
          "contentPosition": 1354,
          "contentType": "MAPPED_SLICE_HEADER",
          "crc32": 399185861,
          "parsedContent": {
            "_endPosition": 1209,
            "_size": 34,
            "contentIds": [
              11,
              12,
              17,
              19,
            ],
            "md5": [
              214,
              68,
              79,
              82,
              76,
              48,
              191,
              56,
              57,
              178,
              208,
              115,
              50,
              57,
              197,
              147,
            ],
            "numBlocks": 5,
            "numContentIds": 4,
            "numRecords": 4,
            "recordCounter": 0,
            "refBaseBlockId": -1,
            "refSeqId": 0,
            "refSeqSpan": 20050,
            "refSeqStart": 1,
          },
          "uncompressedSize": 34,
        },
      },
    ],
  },
  {
    "compressionScheme": {
      "APdelta": true,
      "dataSeriesEncoding": {
        "AP": {
          "codecId": 1,
          "parameters": {
            "blockContentId": 17,
          },
          "parametersBytes": 1,
        },
        "BB": {
          "codecId": 4,
          "parameters": {
            "lengthsEncoding": {
              "codecId": 1,
              "parameters": {
                "blockContentId": 42,
              },
              "parametersBytes": 1,
            },
            "valuesEncoding": {
              "codecId": 1,
              "parameters": {
                "blockContentId": 37,
              },
              "parametersBytes": 1,
            },
          },
          "parametersBytes": 6,
        },
        "BF": {
          "codecId": 3,
          "parameters": {
            "bitLengths": [
              0,
            ],
            "numCodes": 1,
            "numLengths": 1,
            "symbols": [
              0,
            ],
          },
          "parametersBytes": 4,
        },
        "CF": {
          "codecId": 3,
          "parameters": {
            "bitLengths": [
              0,
            ],
            "numCodes": 1,
            "numLengths": 1,
            "symbols": [
              3,
            ],
          },
          "parametersBytes": 4,
        },
        "FN": {
          "codecId": 3,
          "parameters": {
            "bitLengths": [
              0,
            ],
            "numCodes": 1,
            "numLengths": 1,
            "symbols": [
              0,
            ],
          },
          "parametersBytes": 4,
        },
        "IN": {
          "codecId": 5,
          "parameters": {
            "blockContentId": 13,
            "stopByte": 0,
          },
          "parametersBytes": 2,
        },
        "MF": {
          "codecId": 3,
          "parameters": {
            "bitLengths": [
              0,
            ],
            "numCodes": 1,
            "numLengths": 1,
            "symbols": [
              0,
            ],
          },
          "parametersBytes": 4,
        },
        "MQ": {
          "codecId": 3,
          "parameters": {
            "bitLengths": [
              0,
            ],
            "numCodes": 1,
            "numLengths": 1,
            "symbols": [
              22,
            ],
          },
          "parametersBytes": 4,
        },
        "NP": {
          "codecId": 3,
          "parameters": {
            "bitLengths": [
              0,
            ],
            "numCodes": 1,
            "numLengths": 1,
            "symbols": [
              0,
            ],
          },
          "parametersBytes": 4,
        },
        "NS": {
          "codecId": 3,
          "parameters": {
            "bitLengths": [
              0,
            ],
            "numCodes": 1,
            "numLengths": 1,
            "symbols": [
              -1,
            ],
          },
          "parametersBytes": 8,
        },
        "QS": {
          "codecId": 1,
          "parameters": {
            "blockContentId": 12,
          },
          "parametersBytes": 1,
        },
        "RG": {
          "codecId": 3,
          "parameters": {
            "bitLengths": [
              0,
            ],
            "numCodes": 1,
            "numLengths": 1,
            "symbols": [
              -1,
            ],
          },
          "parametersBytes": 8,
        },
        "RI": {
          "codecId": 3,
          "parameters": {
            "bitLengths": [
              0,
            ],
            "numCodes": 1,
            "numLengths": 1,
            "symbols": [
              1,
            ],
          },
          "parametersBytes": 4,
        },
        "RL": {
          "codecId": 3,
          "parameters": {
            "bitLengths": [
              0,
            ],
            "numCodes": 1,
            "numLengths": 1,
            "symbols": [
              50,
            ],
          },
          "parametersBytes": 4,
        },
        "RN": {
          "codecId": 5,
          "parameters": {
            "blockContentId": 11,
            "stopByte": 0,
          },
          "parametersBytes": 2,
        },
        "SC": {
          "codecId": 5,
          "parameters": {
            "blockContentId": 14,
            "stopByte": 0,
          },
          "parametersBytes": 2,
        },
        "TL": {
          "codecId": 3,
          "parameters": {
            "bitLengths": [
              0,
            ],
            "numCodes": 1,
            "numLengths": 1,
            "symbols": [
              0,
            ],
          },
          "parametersBytes": 4,
        },
        "TS": {
          "codecId": 3,
          "parameters": {
            "bitLengths": [
              0,
            ],
            "numCodes": 1,
            "numLengths": 1,
            "symbols": [
              0,
            ],
          },
          "parametersBytes": 4,
        },
      },
      "readNamesIncluded": true,
      "referenceRequired": false,
      "substitutionMatrix": [
        [
          "C",
          "G",
          "T",
          "N",
        ],
        [
          "A",
          "G",
          "T",
          "N",
        ],
        [
          "A",
          "C",
          "T",
          "N",
        ],
        [
          "A",
          "C",
          "G",
          "N",
        ],
        [
          "A",
          "C",
          "G",
          "T",
        ],
      ],
      "tagEncoding": {},
      "tagIdsDictionary": [
        [],
      ],
    },
    "containerHeader": {
      "_endPosition": 1681,
      "_size": 19,
      "alignmentSpan": 221,
      "crc32": 1641649969,
      "landmarks": [
        177,
      ],
      "length": 365,
      "numBases": 100,
      "numBlocks": 6,
      "numLandmarks": 1,
      "numRecords": 2,
      "recordCounter": 4,
      "refSeqId": 1,
      "refSeqStart": 50,
    },
    "data": [
      {
        "_endPosition": 1681,
        "_size": 19,
        "alignmentSpan": 221,
        "crc32": 1641649969,
        "landmarks": [
          177,
        ],
        "length": 365,
        "numBases": 100,
        "numBlocks": 6,
        "numLandmarks": 1,
        "numRecords": 2,
        "recordCounter": 4,
        "refSeqId": 1,
        "refSeqStart": 50,
      },
      {
        "features": [
          {
            "alignmentStart": 50,
            "cramFlags": 3,
            "flags": 0,
            "lengthOnRef": 50,
            "mappingQuality": 22,
            "qualityScores": [
              33,
              33,
              33,
              33,
              33,
              33,
              33,
              33,
              33,
              33,
              33,
              33,
              33,
              33,
              33,
              33,
              33,
              33,
              33,
              33,
              33,
              33,
              33,
              33,
              33,
              33,
              33,
              33,
              33,
              33,
              33,
              33,
              33,
              33,
              33,
              33,
              33,
              33,
              33,
              33,
              33,
              33,
              33,
              33,
              33,
              33,
              33,
              33,
              33,
              33,
            ],
            "readBases": undefined,
            "readGroupId": -1,
            "readLength": 50,
            "readName": "II1",
            "sequenceId": 1,
            "tags": {},
            "templateSize": 0,
            "uniqueId": 1868,
          },
          {
            "alignmentStart": 221,
            "cramFlags": 3,
            "flags": 0,
            "lengthOnRef": 50,
            "mappingQuality": 22,
            "qualityScores": [
              33,
              33,
              33,
              33,
              33,
              33,
              33,
              33,
              33,
              33,
              33,
              33,
              33,
              33,
              33,
              33,
              33,
              33,
              33,
              33,
              33,
              33,
              33,
              33,
              33,
              33,
              33,
              33,
              33,
              33,
              33,
              33,
              33,
              33,
              33,
              33,
              33,
              33,
              33,
              33,
              33,
              33,
              33,
              33,
              33,
              33,
              33,
              33,
              33,
              33,
            ],
            "readBases": undefined,
            "readGroupId": -1,
            "readLength": 50,
            "readName": "II2",
            "sequenceId": 1,
            "tags": {},
            "templateSize": 0,
            "uniqueId": 1869,
          },
        ],
        "header": {
          "_endPosition": 1899,
          "_size": 36,
          "compressedSize": 32,
          "compressionMethod": "raw",
          "content": Uint8Array [
            1,
            50,
            128,
            221,
            2,
            4,
            4,
            3,
            11,
            12,
            17,
            255,
            255,
            255,
            255,
            15,
            38,
            124,
            214,
            9,
            29,
            163,
            173,
            184,
            75,
            154,
            138,
            12,
            53,
            87,
            84,
            204,
          ],
          "contentId": 0,
          "contentPosition": 1863,
          "contentType": "MAPPED_SLICE_HEADER",
          "crc32": 1519306249,
          "parsedContent": {
            "_endPosition": 1713,
            "_size": 32,
            "contentIds": [
              11,
              12,
              17,
            ],
            "md5": [
              38,
              124,
              214,
              9,
              29,
              163,
              173,
              184,
              75,
              154,
              138,
              12,
              53,
              87,
              84,
              204,
            ],
            "numBlocks": 4,
            "numContentIds": 3,
            "numRecords": 2,
            "recordCounter": 4,
            "refBaseBlockId": -1,
            "refSeqId": 1,
            "refSeqSpan": 221,
            "refSeqStart": 50,
          },
          "uncompressedSize": 32,
        },
      },
    ],
  },
  {
    "compressionScheme": {
      "APdelta": true,
      "dataSeriesEncoding": {
        "AP": {
          "codecId": 1,
          "parameters": {
            "blockContentId": 17,
          },
          "parametersBytes": 1,
        },
        "BB": {
          "codecId": 4,
          "parameters": {
            "lengthsEncoding": {
              "codecId": 1,
              "parameters": {
                "blockContentId": 42,
              },
              "parametersBytes": 1,
            },
            "valuesEncoding": {
              "codecId": 1,
              "parameters": {
                "blockContentId": 37,
              },
              "parametersBytes": 1,
            },
          },
          "parametersBytes": 6,
        },
        "BF": {
          "codecId": 3,
          "parameters": {
            "bitLengths": [
              0,
            ],
            "numCodes": 1,
            "numLengths": 1,
            "symbols": [
              0,
            ],
          },
          "parametersBytes": 4,
        },
        "CF": {
          "codecId": 3,
          "parameters": {
            "bitLengths": [
              0,
            ],
            "numCodes": 1,
            "numLengths": 1,
            "symbols": [
              3,
            ],
          },
          "parametersBytes": 4,
        },
        "FN": {
          "codecId": 3,
          "parameters": {
            "bitLengths": [
              0,
            ],
            "numCodes": 1,
            "numLengths": 1,
            "symbols": [
              0,
            ],
          },
          "parametersBytes": 4,
        },
        "IN": {
          "codecId": 5,
          "parameters": {
            "blockContentId": 13,
            "stopByte": 0,
          },
          "parametersBytes": 2,
        },
        "MF": {
          "codecId": 3,
          "parameters": {
            "bitLengths": [
              0,
            ],
            "numCodes": 1,
            "numLengths": 1,
            "symbols": [
              0,
            ],
          },
          "parametersBytes": 4,
        },
        "MQ": {
          "codecId": 3,
          "parameters": {
            "bitLengths": [
              0,
            ],
            "numCodes": 1,
            "numLengths": 1,
            "symbols": [
              11,
            ],
          },
          "parametersBytes": 4,
        },
        "NP": {
          "codecId": 3,
          "parameters": {
            "bitLengths": [
              0,
            ],
            "numCodes": 1,
            "numLengths": 1,
            "symbols": [
              0,
            ],
          },
          "parametersBytes": 4,
        },
        "NS": {
          "codecId": 3,
          "parameters": {
            "bitLengths": [
              0,
            ],
            "numCodes": 1,
            "numLengths": 1,
            "symbols": [
              -1,
            ],
          },
          "parametersBytes": 8,
        },
        "QS": {
          "codecId": 1,
          "parameters": {
            "blockContentId": 12,
          },
          "parametersBytes": 1,
        },
        "RG": {
          "codecId": 3,
          "parameters": {
            "bitLengths": [
              0,
            ],
            "numCodes": 1,
            "numLengths": 1,
            "symbols": [
              -1,
            ],
          },
          "parametersBytes": 8,
        },
        "RI": {
          "codecId": 3,
          "parameters": {
            "bitLengths": [
              0,
            ],
            "numCodes": 1,
            "numLengths": 1,
            "symbols": [
              4,
            ],
          },
          "parametersBytes": 4,
        },
        "RL": {
          "codecId": 3,
          "parameters": {
            "bitLengths": [
              0,
            ],
            "numCodes": 1,
            "numLengths": 1,
            "symbols": [
              50,
            ],
          },
          "parametersBytes": 4,
        },
        "RN": {
          "codecId": 5,
          "parameters": {
            "blockContentId": 11,
            "stopByte": 0,
          },
          "parametersBytes": 2,
        },
        "SC": {
          "codecId": 5,
          "parameters": {
            "blockContentId": 14,
            "stopByte": 0,
          },
          "parametersBytes": 2,
        },
        "TL": {
          "codecId": 3,
          "parameters": {
            "bitLengths": [
              0,
            ],
            "numCodes": 1,
            "numLengths": 1,
            "symbols": [
              0,
            ],
          },
          "parametersBytes": 4,
        },
        "TS": {
          "codecId": 3,
          "parameters": {
            "bitLengths": [
              0,
            ],
            "numCodes": 1,
            "numLengths": 1,
            "symbols": [
              0,
            ],
          },
          "parametersBytes": 4,
        },
      },
      "readNamesIncluded": true,
      "referenceRequired": false,
      "substitutionMatrix": [
        [
          "C",
          "G",
          "T",
          "N",
        ],
        [
          "A",
          "G",
          "T",
          "N",
        ],
        [
          "A",
          "C",
          "T",
          "N",
        ],
        [
          "A",
          "C",
          "G",
          "N",
        ],
        [
          "A",
          "C",
          "G",
          "T",
        ],
      ],
      "tagEncoding": {},
      "tagIdsDictionary": [
        [],
      ],
    },
    "containerHeader": {
      "_endPosition": 2066,
      "_size": 20,
      "alignmentSpan": 450,
      "crc32": 1300499803,
      "landmarks": [
        177,
      ],
      "length": 526,
      "numBases": 250,
      "numBlocks": 6,
      "numLandmarks": 1,
      "numRecords": 5,
      "recordCounter": 6,
      "refSeqId": 4,
      "refSeqStart": 101,
    },
    "data": [
      {
        "_endPosition": 2066,
        "_size": 20,
        "alignmentSpan": 450,
        "crc32": 1300499803,
        "landmarks": [
          177,
        ],
        "length": 526,
        "numBases": 250,
        "numBlocks": 6,
        "numLandmarks": 1,
        "numRecords": 5,
        "recordCounter": 6,
        "refSeqId": 4,
        "refSeqStart": 101,
      },
      {
        "features": [
          {
            "alignmentStart": 101,
            "cramFlags": 3,
            "flags": 0,
            "lengthOnRef": 50,
            "mappingQuality": 11,
            "qualityScores": [
              33,
              33,
              33,
              33,
              33,
              33,
              33,
              33,
              33,
              33,
              33,
              33,
              33,
              33,
              33,
              33,
              33,
              33,
              33,
              33,
              33,
              33,
              33,
              33,
              33,
              33,
              33,
              33,
              33,
              33,
              33,
              33,
              33,
              33,
              33,
              33,
              33,
              33,
              33,
              33,
              33,
              33,
              33,
              33,
              33,
              33,
              33,
              33,
              33,
              33,
            ],
            "readBases": undefined,
            "readGroupId": -1,
            "readLength": 50,
            "readName": "V1",
            "sequenceId": 4,
            "tags": {},
            "templateSize": 0,
            "uniqueId": 2255,
          },
          {
            "alignmentStart": 201,
            "cramFlags": 3,
            "flags": 0,
            "lengthOnRef": 50,
            "mappingQuality": 11,
            "qualityScores": [
              33,
              33,
              33,
              33,
              33,
              33,
              33,
              33,
              33,
              33,
              33,
              33,
              33,
              33,
              33,
              33,
              33,
              33,
              33,
              33,
              33,
              33,
              33,
              33,
              33,
              33,
              33,
              33,
              33,
              33,
              33,
              33,
              33,
              33,
              33,
              33,
              33,
              33,
              33,
              33,
              33,
              33,
              33,
              33,
              33,
              33,
              33,
              33,
              33,
              33,
            ],
            "readBases": undefined,
            "readGroupId": -1,
            "readLength": 50,
            "readName": "V2",
            "sequenceId": 4,
            "tags": {},
            "templateSize": 0,
            "uniqueId": 2256,
          },
          {
            "alignmentStart": 301,
            "cramFlags": 3,
            "flags": 0,
            "lengthOnRef": 50,
            "mappingQuality": 11,
            "qualityScores": [
              33,
              33,
              33,
              33,
              33,
              33,
              33,
              33,
              33,
              33,
              33,
              33,
              33,
              33,
              33,
              33,
              33,
              33,
              33,
              33,
              33,
              33,
              33,
              33,
              33,
              33,
              33,
              33,
              33,
              33,
              33,
              33,
              33,
              33,
              33,
              33,
              33,
              33,
              33,
              33,
              33,
              33,
              33,
              33,
              33,
              33,
              33,
              33,
              33,
              33,
            ],
            "readBases": undefined,
            "readGroupId": -1,
            "readLength": 50,
            "readName": "V3",
            "sequenceId": 4,
            "tags": {},
            "templateSize": 0,
            "uniqueId": 2257,
          },
          {
            "alignmentStart": 401,
            "cramFlags": 3,
            "flags": 0,
            "lengthOnRef": 50,
            "mappingQuality": 11,
            "qualityScores": [
              33,
              33,
              33,
              33,
              33,
              33,
              33,
              33,
              33,
              33,
              33,
              33,
              33,
              33,
              33,
              33,
              33,
              33,
              33,
              33,
              33,
              33,
              33,
              33,
              33,
              33,
              33,
              33,
              33,
              33,
              33,
              33,
              33,
              33,
              33,
              33,
              33,
              33,
              33,
              33,
              33,
              33,
              33,
              33,
              33,
              33,
              33,
              33,
              33,
              33,
            ],
            "readBases": undefined,
            "readGroupId": -1,
            "readLength": 50,
            "readName": "V4",
            "sequenceId": 4,
            "tags": {},
            "templateSize": 0,
            "uniqueId": 2258,
          },
          {
            "alignmentStart": 501,
            "cramFlags": 3,
            "flags": 0,
            "lengthOnRef": 50,
            "mappingQuality": 11,
            "qualityScores": [
              33,
              33,
              33,
              33,
              33,
              33,
              33,
              33,
              33,
              33,
              33,
              33,
              33,
              33,
              33,
              33,
              33,
              33,
              33,
              33,
              33,
              33,
              33,
              33,
              33,
              33,
              33,
              33,
              33,
              33,
              33,
              33,
              33,
              33,
              33,
              33,
              33,
              33,
              33,
              33,
              33,
              33,
              33,
              33,
              33,
              33,
              33,
              33,
              33,
              33,
            ],
            "readBases": undefined,
            "readGroupId": -1,
            "readLength": 50,
            "readName": "V5",
            "sequenceId": 4,
            "tags": {},
            "templateSize": 0,
            "uniqueId": 2259,
          },
        ],
        "header": {
          "_endPosition": 2284,
          "_size": 36,
          "compressedSize": 32,
          "compressionMethod": "raw",
          "content": Uint8Array [
            4,
            101,
            129,
            194,
            5,
            6,
            4,
            3,
            11,
            12,
            17,
            255,
            255,
            255,
            255,
            15,
            220,
            21,
            154,
            5,
            158,
            230,
            32,
            110,
            31,
            128,
            204,
            161,
            100,
            6,
            135,
            176,
          ],
          "contentId": 0,
          "contentPosition": 2248,
          "contentType": "MAPPED_SLICE_HEADER",
          "crc32": 4095951131,
          "parsedContent": {
            "_endPosition": 2098,
            "_size": 32,
            "contentIds": [
              11,
              12,
              17,
            ],
            "md5": [
              220,
              21,
              154,
              5,
              158,
              230,
              32,
              110,
              31,
              128,
              204,
              161,
              100,
              6,
              135,
              176,
            ],
            "numBlocks": 4,
            "numContentIds": 3,
            "numRecords": 5,
            "recordCounter": 6,
            "refBaseBlockId": -1,
            "refSeqId": 4,
            "refSeqSpan": 450,
            "refSeqStart": 101,
          },
          "uncompressedSize": 32,
        },
      },
    ],
  },
]
`;
