// Vitest Snapshot v1, https://vitest.dev/guide/snapshot.html

exports[`can dump the whole md#1.tmp.cram without error 1`] = `
[
  {
    "fileId": "-",
    "magic": "CRAM",
    "majorVersion": 3,
    "minorVersion": 0,
  },
  {
    "containerHeader": {
      "_endPosition": 45,
      "_size": 19,
      "alignmentSpan": 0,
      "crc32": 3330112827,
      "landmarks": [
        0,
        140,
      ],
      "length": 219,
      "numBases": 0,
      "numBlocks": 2,
      "numLandmarks": 2,
      "numRecords": 0,
      "recordCounter": 0,
      "refSeqId": 0,
      "refSeqStart": 0,
    },
    "data": [
      {
        "_endPosition": 45,
        "_size": 19,
        "alignmentSpan": 0,
        "crc32": 3330112827,
        "landmarks": [
          0,
          140,
        ],
        "length": 219,
        "numBases": 0,
        "numBlocks": 2,
        "numLandmarks": 2,
        "numRecords": 0,
        "recordCounter": 0,
        "refSeqId": 0,
        "refSeqStart": 0,
      },
      {
        "samHeader": [
          {
            "data": [
              {
                "tag": "VN",
                "value": "1.0",
              },
              {
                "tag": "SO",
                "value": "coordinate",
              },
            ],
            "tag": "HD",
          },
          {
            "data": [
              {
                "tag": "SN",
                "value": "a",
              },
              {
                "tag": "LN",
                "value": "40",
              },
              {
                "tag": "M5",
                "value": "e970f0ddfe4128e554ec1550bfe17678",
              },
              {
                "tag": "UR",
                "value": "/Users/rbuels/dev/htslib/test/md.fa",
              },
            ],
            "tag": "SQ",
          },
        ],
      },
      {
        "samHeader": [
          {
            "data": [
              {
                "tag": "VN",
                "value": "1.0",
              },
              {
                "tag": "SO",
                "value": "coordinate",
              },
            ],
            "tag": "HD",
          },
          {
            "data": [
              {
                "tag": "SN",
                "value": "a",
              },
              {
                "tag": "LN",
                "value": "40",
              },
              {
                "tag": "M5",
                "value": "e970f0ddfe4128e554ec1550bfe17678",
              },
              {
                "tag": "UR",
                "value": "/Users/rbuels/dev/htslib/test/md.fa",
              },
            ],
            "tag": "SQ",
          },
        ],
      },
    ],
  },
  {
    "compressionScheme": {
      "APdelta": true,
      "dataSeriesEncoding": {
        "AP": {
          "codecId": 1,
          "parameters": {
            "blockContentId": 17,
          },
          "parametersBytes": 1,
        },
        "BA": {
          "codecId": 1,
          "parameters": {
            "blockContentId": 30,
          },
          "parametersBytes": 1,
        },
        "BB": {
          "codecId": 4,
          "parameters": {
            "lengthsEncoding": {
              "codecId": 1,
              "parameters": {
                "blockContentId": 42,
              },
              "parametersBytes": 1,
            },
            "valuesEncoding": {
              "codecId": 1,
              "parameters": {
                "blockContentId": 37,
              },
              "parametersBytes": 1,
            },
          },
          "parametersBytes": 6,
        },
        "BF": {
          "codecId": 3,
          "parameters": {
            "bitLengths": [
              0,
            ],
            "numCodes": 1,
            "numLengths": 1,
            "symbols": [
              0,
            ],
          },
          "parametersBytes": 4,
        },
        "BS": {
          "codecId": 1,
          "parameters": {
            "blockContentId": 31,
          },
          "parametersBytes": 1,
        },
        "CF": {
          "codecId": 3,
          "parameters": {
            "bitLengths": [
              0,
            ],
            "numCodes": 1,
            "numLengths": 1,
            "symbols": [
              3,
            ],
          },
          "parametersBytes": 4,
        },
        "DL": {
          "codecId": 1,
          "parameters": {
            "blockContentId": 29,
          },
          "parametersBytes": 1,
        },
        "FC": {
          "codecId": 1,
          "parameters": {
            "blockContentId": 27,
          },
          "parametersBytes": 1,
        },
        "FN": {
          "codecId": 1,
          "parameters": {
            "blockContentId": 26,
          },
          "parametersBytes": 1,
        },
        "FP": {
          "codecId": 1,
          "parameters": {
            "blockContentId": 28,
          },
          "parametersBytes": 1,
        },
        "HC": {
          "codecId": 3,
          "parameters": {
            "bitLengths": [
              0,
            ],
            "numCodes": 1,
            "numLengths": 1,
            "symbols": [
              5,
            ],
          },
          "parametersBytes": 4,
        },
        "IN": {
          "codecId": 5,
          "parameters": {
            "blockContentId": 13,
            "stopByte": 0,
          },
          "parametersBytes": 2,
        },
        "MF": {
          "codecId": 3,
          "parameters": {
            "bitLengths": [
              0,
            ],
            "numCodes": 1,
            "numLengths": 1,
            "symbols": [
              0,
            ],
          },
          "parametersBytes": 4,
        },
        "MQ": {
          "codecId": 3,
          "parameters": {
            "bitLengths": [
              0,
            ],
            "numCodes": 1,
            "numLengths": 1,
            "symbols": [
              255,
            ],
          },
          "parametersBytes": 5,
        },
        "NP": {
          "codecId": 3,
          "parameters": {
            "bitLengths": [
              0,
            ],
            "numCodes": 1,
            "numLengths": 1,
            "symbols": [
              0,
            ],
          },
          "parametersBytes": 4,
        },
        "NS": {
          "codecId": 3,
          "parameters": {
            "bitLengths": [
              0,
            ],
            "numCodes": 1,
            "numLengths": 1,
            "symbols": [
              -1,
            ],
          },
          "parametersBytes": 8,
        },
        "PD": {
          "codecId": 3,
          "parameters": {
            "bitLengths": [
              0,
            ],
            "numCodes": 1,
            "numLengths": 1,
            "symbols": [
              2,
            ],
          },
          "parametersBytes": 4,
        },
        "QS": {
          "codecId": 1,
          "parameters": {
            "blockContentId": 12,
          },
          "parametersBytes": 1,
        },
        "RG": {
          "codecId": 3,
          "parameters": {
            "bitLengths": [
              0,
            ],
            "numCodes": 1,
            "numLengths": 1,
            "symbols": [
              -1,
            ],
          },
          "parametersBytes": 8,
        },
        "RI": {
          "codecId": 3,
          "parameters": {
            "bitLengths": [
              0,
            ],
            "numCodes": 1,
            "numLengths": 1,
            "symbols": [
              0,
            ],
          },
          "parametersBytes": 4,
        },
        "RL": {
          "codecId": 1,
          "parameters": {
            "blockContentId": 25,
          },
          "parametersBytes": 1,
        },
        "RN": {
          "codecId": 5,
          "parameters": {
            "blockContentId": 11,
            "stopByte": 0,
          },
          "parametersBytes": 2,
        },
        "RS": {
          "codecId": 3,
          "parameters": {
            "bitLengths": [
              0,
            ],
            "numCodes": 1,
            "numLengths": 1,
            "symbols": [
              20,
            ],
          },
          "parametersBytes": 4,
        },
        "SC": {
          "codecId": 5,
          "parameters": {
            "blockContentId": 14,
            "stopByte": 0,
          },
          "parametersBytes": 2,
        },
        "TL": {
          "codecId": 1,
          "parameters": {
            "blockContentId": 32,
          },
          "parametersBytes": 1,
        },
        "TS": {
          "codecId": 3,
          "parameters": {
            "bitLengths": [
              0,
            ],
            "numCodes": 1,
            "numLengths": 1,
            "symbols": [
              0,
            ],
          },
          "parametersBytes": 4,
        },
      },
      "readNamesIncluded": true,
      "referenceRequired": false,
      "substitutionMatrix": [
        [
          "C",
          "G",
          "T",
          "N",
        ],
        [
          "A",
          "G",
          "T",
          "N",
        ],
        [
          "A",
          "C",
          "T",
          "N",
        ],
        [
          "A",
          "C",
          "G",
          "N",
        ],
        [
          "A",
          "C",
          "G",
          "T",
        ],
      ],
      "tagEncoding": {
        "MDZ": {
          "codecId": 5,
          "parameters": {
            "blockContentId": 5063770,
            "stopByte": 9,
          },
          "parametersBytes": 5,
        },
        "NMC": {
          "codecId": 4,
          "parameters": {
            "lengthsEncoding": {
              "codecId": 3,
              "parameters": {
                "bitLengths": [
                  0,
                ],
                "numCodes": 1,
                "numLengths": 1,
                "symbols": [
                  1,
                ],
              },
              "parametersBytes": 4,
            },
            "valuesEncoding": {
              "codecId": 1,
              "parameters": {
                "blockContentId": 5131587,
              },
              "parametersBytes": 4,
            },
          },
          "parametersBytes": 12,
        },
      },
      "tagIdsDictionary": [
        [
          "NMC",
          "MDZ",
        ],
        [],
      ],
    },
    "containerHeader": {
      "_endPosition": 285,
      "_size": 21,
      "alignmentSpan": 40,
      "crc32": 844901759,
      "landmarks": [
        254,
        937,
      ],
      "length": 1447,
      "numBases": 356,
      "numBlocks": 31,
      "numLandmarks": 2,
      "numRecords": 10,
      "recordCounter": 0,
      "refSeqId": 0,
      "refSeqStart": 1,
    },
    "data": [
      {
        "_endPosition": 285,
        "_size": 21,
        "alignmentSpan": 40,
        "crc32": 844901759,
        "landmarks": [
          254,
          937,
        ],
        "length": 1447,
        "numBases": 356,
        "numBlocks": 31,
        "numLandmarks": 2,
        "numRecords": 10,
        "recordCounter": 0,
        "refSeqId": 0,
        "refSeqStart": 1,
      },
      {
        "features": [
          {
            "alignmentStart": 1,
            "cramFlags": 3,
            "flags": 0,
            "lengthOnRef": 40,
            "mappingQuality": 255,
            "qualityScores": [
              255,
              255,
              255,
              255,
              255,
              255,
              255,
              255,
              255,
              255,
              255,
              255,
              255,
              255,
              255,
              255,
              255,
              255,
              255,
              255,
              255,
              255,
              255,
              255,
              255,
              255,
              255,
              255,
              255,
              255,
              255,
              255,
              255,
              255,
              255,
              255,
              255,
              255,
              255,
              255,
            ],
            "readBases": undefined,
            "readGroupId": -1,
            "readLength": 40,
            "readName": "x",
            "sequenceId": 0,
            "tags": {
              "MD": "19N0N19",
              "NM": 2,
            },
            "templateSize": 0,
            "uniqueId": 545,
          },
          {
            "alignmentStart": 1,
            "cramFlags": 3,
            "flags": 0,
            "lengthOnRef": 40,
            "mappingQuality": 255,
            "qualityScores": [
              255,
              255,
              255,
              255,
              255,
              255,
              255,
              255,
              255,
              255,
              255,
              255,
              255,
              255,
              255,
              255,
              255,
              255,
              255,
              255,
              255,
              255,
              255,
              255,
              255,
              255,
              255,
              255,
              255,
              255,
              255,
              255,
              255,
              255,
              255,
              255,
              255,
              255,
              255,
              255,
            ],
            "readBases": undefined,
            "readFeatures": [
              {
                "code": "X",
                "data": 0,
                "pos": 1,
                "refPos": 1,
              },
              {
                "code": "X",
                "data": 3,
                "pos": 10,
                "refPos": 10,
              },
              {
                "code": "X",
                "data": 3,
                "pos": 11,
                "refPos": 11,
              },
              {
                "code": "X",
                "data": 1,
                "pos": 40,
                "refPos": 40,
              },
            ],
            "readGroupId": -1,
            "readLength": 40,
            "readName": "x*",
            "sequenceId": 0,
            "tags": {
              "MD": "0A8A0C8N0N18T0",
              "NM": 6,
            },
            "templateSize": 0,
            "uniqueId": 546,
          },
          {
            "alignmentStart": 1,
            "cramFlags": 3,
            "flags": 0,
            "lengthOnRef": 40,
            "mappingQuality": 255,
            "qualityScores": [
              255,
              255,
              255,
              255,
              255,
              255,
              255,
              255,
              255,
              255,
              255,
              255,
              255,
              255,
              255,
              255,
              255,
              255,
              255,
              255,
              255,
              255,
              255,
              255,
              255,
              255,
              255,
              255,
              255,
              255,
              255,
              255,
              255,
              255,
              255,
              255,
              255,
              255,
              255,
              255,
              255,
              255,
              255,
              255,
              255,
              255,
              255,
              255,
            ],
            "readBases": undefined,
            "readFeatures": [
              {
                "code": "i",
                "data": "N",
                "pos": 1,
                "refPos": 1,
              },
              {
                "code": "i",
                "data": "G",
                "pos": 12,
                "refPos": 11,
              },
              {
                "code": "X",
                "data": 1,
                "pos": 21,
                "refPos": 19,
              },
              {
                "code": "X",
                "data": 1,
                "pos": 22,
                "refPos": 20,
              },
              {
                "code": "I",
                "data": "AA",
                "pos": 23,
                "refPos": 21,
              },
              {
                "code": "X",
                "data": 2,
                "pos": 25,
                "refPos": 21,
              },
              {
                "code": "X",
                "data": 2,
                "pos": 26,
                "refPos": 22,
              },
              {
                "code": "P",
                "data": 2,
                "pos": 35,
                "refPos": 31,
              },
              {
                "code": "I",
                "data": "CCC",
                "pos": 35,
                "refPos": 31,
              },
              {
                "code": "P",
                "data": 2,
                "pos": 38,
                "refPos": 31,
              },
              {
                "code": "i",
                "data": "N",
                "pos": 48,
                "refPos": 41,
              },
            ],
            "readGroupId": -1,
            "readLength": 48,
            "readName": "xIP",
            "sequenceId": 0,
            "tags": {},
            "templateSize": 0,
            "uniqueId": 547,
          },
          {
            "alignmentStart": 1,
            "cramFlags": 3,
            "flags": 0,
            "lengthOnRef": 40,
            "mappingQuality": 255,
            "qualityScores": [
              255,
              255,
              255,
              255,
              255,
              255,
              255,
              255,
              255,
              255,
              255,
              255,
              255,
              255,
              255,
              255,
              255,
              255,
              255,
              255,
              255,
              255,
              255,
              255,
              255,
              255,
              255,
              255,
              255,
              255,
              255,
              255,
              255,
              255,
              255,
              255,
              255,
              255,
              255,
              255,
              255,
              255,
              255,
              255,
              255,
              255,
              255,
              255,
            ],
            "readBases": undefined,
            "readFeatures": [
              {
                "code": "i",
                "data": "N",
                "pos": 1,
                "refPos": 1,
              },
              {
                "code": "X",
                "data": 0,
                "pos": 2,
                "refPos": 1,
              },
              {
                "code": "i",
                "data": "G",
                "pos": 12,
                "refPos": 11,
              },
              {
                "code": "X",
                "data": 1,
                "pos": 21,
                "refPos": 19,
              },
              {
                "code": "X",
                "data": 1,
                "pos": 22,
                "refPos": 20,
              },
              {
                "code": "I",
                "data": "AA",
                "pos": 23,
                "refPos": 21,
              },
              {
                "code": "X",
                "data": 2,
                "pos": 25,
                "refPos": 21,
              },
              {
                "code": "X",
                "data": 2,
                "pos": 26,
                "refPos": 22,
              },
              {
                "code": "X",
                "data": 0,
                "pos": 34,
                "refPos": 30,
              },
              {
                "code": "P",
                "data": 2,
                "pos": 35,
                "refPos": 31,
              },
              {
                "code": "I",
                "data": "CCC",
                "pos": 35,
                "refPos": 31,
              },
              {
                "code": "P",
                "data": 2,
                "pos": 38,
                "refPos": 31,
              },
              {
                "code": "X",
                "data": 0,
                "pos": 38,
                "refPos": 31,
              },
              {
                "code": "X",
                "data": 1,
                "pos": 47,
                "refPos": 40,
              },
              {
                "code": "i",
                "data": "N",
                "pos": 48,
                "refPos": 41,
              },
            ],
            "readGroupId": -1,
            "readLength": 48,
            "readName": "xIP*",
            "sequenceId": 0,
            "tags": {},
            "templateSize": 0,
            "uniqueId": 548,
          },
          {
            "alignmentStart": 1,
            "cramFlags": 3,
            "flags": 0,
            "lengthOnRef": 36,
            "mappingQuality": 255,
            "qualityScores": [
              255,
              255,
              255,
              255,
              255,
              255,
              255,
              255,
              255,
              255,
              255,
              255,
              255,
              255,
              255,
              255,
              255,
              255,
              255,
              255,
              255,
              255,
              255,
              255,
              255,
              255,
              255,
              255,
              255,
              255,
            ],
            "readBases": undefined,
            "readFeatures": [
              {
                "code": "D",
                "data": 1,
                "pos": 10,
                "refPos": 10,
              },
              {
                "code": "B",
                "data": [
                  "Y",
                  255,
                ],
                "pos": 16,
                "refPos": 17,
              },
              {
                "code": "X",
                "data": 3,
                "pos": 17,
                "refPos": 18,
              },
              {
                "code": "D",
                "data": 2,
                "pos": 18,
                "refPos": 19,
              },
              {
                "code": "D",
                "data": 3,
                "pos": 25,
                "refPos": 28,
              },
            ],
            "readGroupId": -1,
            "readLength": 30,
            "readName": "xD",
            "sequenceId": 0,
            "tags": {
              "MD": "9^A6C0C0^YN0N6^GGG6",
              "NM": 9,
            },
            "templateSize": 0,
            "uniqueId": 549,
          },
          {
            "alignmentStart": 1,
            "cramFlags": 3,
            "flags": 0,
            "lengthOnRef": 36,
            "mappingQuality": 255,
            "qualityScores": [
              255,
              255,
              255,
              255,
              255,
              255,
              255,
              255,
              255,
              255,
              255,
              255,
              255,
              255,
              255,
              255,
              255,
              255,
              255,
              255,
              255,
              255,
              255,
              255,
              255,
              255,
              255,
              255,
              255,
              255,
            ],
            "readBases": undefined,
            "readFeatures": [
              {
                "code": "X",
                "data": 0,
                "pos": 1,
                "refPos": 1,
              },
              {
                "code": "X",
                "data": 3,
                "pos": 9,
                "refPos": 9,
              },
              {
                "code": "D",
                "data": 1,
                "pos": 10,
                "refPos": 10,
              },
              {
                "code": "X",
                "data": 3,
                "pos": 10,
                "refPos": 11,
              },
              {
                "code": "X",
                "data": 2,
                "pos": 17,
                "refPos": 18,
              },
              {
                "code": "D",
                "data": 2,
                "pos": 18,
                "refPos": 19,
              },
              {
                "code": "X",
                "data": 3,
                "pos": 18,
                "refPos": 21,
              },
              {
                "code": "X",
                "data": 2,
                "pos": 19,
                "refPos": 22,
              },
              {
                "code": "D",
                "data": 3,
                "pos": 25,
                "refPos": 28,
              },
              {
                "code": "X",
                "data": 0,
                "pos": 30,
                "refPos": 36,
              },
            ],
            "readGroupId": -1,
            "readLength": 30,
            "readName": "xD*",
            "sequenceId": 0,
            "tags": {},
            "templateSize": 0,
            "uniqueId": 550,
          },
          {
            "alignmentStart": 1,
            "cramFlags": 3,
            "flags": 0,
            "lengthOnRef": 40,
            "mappingQuality": 255,
            "qualityScores": [
              255,
              255,
              255,
              255,
              255,
              255,
              255,
              255,
              255,
              255,
              255,
              255,
              255,
              255,
              255,
              255,
              255,
              255,
              255,
              255,
            ],
            "readBases": undefined,
            "readFeatures": [
              {
                "code": "N",
                "data": 20,
                "pos": 11,
                "refPos": 11,
              },
            ],
            "readGroupId": -1,
            "readLength": 20,
            "readName": "xN",
            "sequenceId": 0,
            "tags": {},
            "templateSize": 0,
            "uniqueId": 551,
          },
        ],
        "header": {
          "_endPosition": 596,
          "_size": 52,
          "compressedSize": 48,
          "compressionMethod": "raw",
          "content": Uint8Array [
            0,
            1,
            40,
            7,
            0,
            15,
            14,
            11,
            12,
            13,
            17,
            25,
            26,
            27,
            28,
            29,
            30,
            31,
            32,
            224,
            77,
            68,
            90,
            224,
            78,
            77,
            67,
            255,
            255,
            255,
            255,
            15,
            233,
            112,
            240,
            221,
            254,
            65,
            40,
            229,
            84,
            236,
            21,
            80,
            191,
            225,
            118,
            120,
          ],
          "contentId": 0,
          "contentPosition": 544,
          "contentType": "MAPPED_SLICE_HEADER",
          "crc32": 2327892575,
          "parsedContent": {
            "_endPosition": 333,
            "_size": 48,
            "contentIds": [
              11,
              12,
              13,
              17,
              25,
              26,
              27,
              28,
              29,
              30,
              31,
              32,
              5063770,
              5131587,
            ],
            "md5": [
              233,
              112,
              240,
              221,
              254,
              65,
              40,
              229,
              84,
              236,
              21,
              80,
              191,
              225,
              118,
              120,
            ],
            "numBlocks": 15,
            "numContentIds": 14,
            "numRecords": 7,
            "recordCounter": 0,
            "refBaseBlockId": -1,
            "refSeqId": 0,
            "refSeqSpan": 40,
            "refSeqStart": 1,
          },
          "uncompressedSize": 48,
        },
      },
      {
        "block": {
          "_endPosition": 605,
          "_size": 4,
          "compressedSize": 0,
          "compressionMethod": "raw",
          "content": Uint8Array [],
          "contentId": 0,
          "contentPosition": 601,
          "contentType": "CORE_DATA",
          "crc32": 4059825967,
          "uncompressedSize": 0,
        },
      },
      {
        "block": {
          "_endPosition": 658,
          "_size": 48,
          "compressedSize": 44,
          "compressionMethod": "gzip",
          "content": Uint8Array [
            120,
            0,
            120,
            42,
            0,
            120,
            73,
            80,
            0,
            120,
            73,
            80,
            42,
            0,
            120,
            68,
            0,
            120,
            68,
            42,
            0,
            120,
            78,
            0,
          ],
          "contentId": 11,
          "contentPosition": 610,
          "contentType": "EXTERNAL_DATA",
          "crc32": 510293386,
          "uncompressedSize": 24,
        },
      },
      {
        "block": {
          "_endPosition": 691,
          "_size": 27,
          "compressedSize": 23,
          "compressionMethod": "gzip",
          "content": Uint8Array [
            255,
            255,
            255,
            255,
            255,
            255,
            255,
            255,
            255,
            255,
            255,
            255,
            255,
            255,
            255,
            255,
            255,
            255,
            255,
            255,
            255,
            255,
            255,
            255,
            255,
            255,
            255,
            255,
            255,
            255,
            255,
            255,
            255,
            255,
            255,
            255,
            255,
            255,
            255,
            255,
            255,
            255,
            255,
            255,
            255,
            255,
            255,
            255,
            255,
            255,
            255,
            255,
            255,
            255,
            255,
            255,
            255,
            255,
            255,
            255,
            255,
            255,
            255,
            255,
            255,
            255,
            255,
            255,
            255,
            255,
            255,
            255,
            255,
            255,
            255,
            255,
            255,
            255,
            255,
            255,
            255,
            255,
            255,
            255,
            255,
            255,
            255,
            255,
            255,
            255,
            255,
            255,
            255,
            255,
            255,
            255,
            255,
            255,
            255,
            255,
            255,
            255,
            255,
            255,
            255,
            255,
            255,
            255,
            255,
            255,
            255,
            255,
            255,
            255,
            255,
            255,
            255,
            255,
            255,
            255,
            255,
            255,
            255,
            255,
            255,
            255,
            255,
            255,
            255,
            255,
            255,
            255,
            255,
            255,
            255,
            255,
            255,
            255,
            255,
            255,
            255,
            255,
            255,
            255,
            255,
            255,
            255,
            255,
            255,
            255,
            255,
            255,
            255,
            255,
            255,
            255,
            255,
            255,
            255,
            255,
            255,
            255,
            255,
            255,
            255,
            255,
            255,
            255,
            255,
            255,
            255,
            255,
            255,
            255,
            255,
            255,
            255,
            255,
            255,
            255,
            255,
            255,
            255,
            255,
            255,
            255,
            255,
            255,
            255,
            255,
            255,
            255,
            255,
            255,
            255,
            255,
            255,
            255,
            255,
            255,
            255,
            255,
            255,
            255,
            255,
            255,
            255,
            255,
            255,
            255,
            255,
            255,
            255,
            255,
            255,
            255,
            255,
            255,
            255,
            255,
            255,
            255,
            255,
            255,
            255,
            255,
            255,
            255,
            255,
            255,
            255,
            255,
            255,
            255,
            255,
            255,
            255,
            255,
            255,
            255,
            255,
            255,
            255,
            255,
            255,
            255,
            255,
            255,
            255,
            255,
            255,
            255,
            255,
            255,
            255,
            255,
            255,
          ],
          "contentId": 12,
          "contentPosition": 664,
          "contentType": "EXTERNAL_DATA",
          "crc32": 3696518130,
          "uncompressedSize": 257,
        },
      },
      {
        "block": {
          "_endPosition": 729,
          "_size": 33,
          "compressedSize": 29,
          "compressionMethod": "gzip",
          "content": Uint8Array [
            65,
            65,
            0,
            67,
            67,
            67,
            0,
            65,
            65,
            0,
            67,
            67,
            67,
            0,
          ],
          "contentId": 13,
          "contentPosition": 696,
          "contentType": "EXTERNAL_DATA",
          "crc32": 3215261168,
          "uncompressedSize": 14,
        },
      },
      {
        "block": {
          "_endPosition": 760,
          "_size": 26,
          "compressedSize": 22,
          "compressionMethod": "gzip",
          "content": Uint8Array [
            0,
            0,
            0,
            0,
            0,
            0,
            0,
          ],
          "contentId": 17,
          "contentPosition": 734,
          "contentType": "EXTERNAL_DATA",
          "crc32": 2308072789,
          "uncompressedSize": 7,
        },
      },
      {
        "block": {
          "_endPosition": 796,
          "_size": 31,
          "compressedSize": 27,
          "compressionMethod": "gzip",
          "content": Uint8Array [
            40,
            40,
            48,
            48,
            30,
            30,
            20,
          ],
          "contentId": 25,
          "contentPosition": 765,
          "contentType": "EXTERNAL_DATA",
          "crc32": 2728173088,
          "uncompressedSize": 7,
        },
      },
      {
        "block": {
          "_endPosition": 832,
          "_size": 31,
          "compressedSize": 27,
          "compressionMethod": "gzip",
          "content": Uint8Array [
            0,
            4,
            11,
            15,
            5,
            10,
            1,
          ],
          "contentId": 26,
          "contentPosition": 801,
          "contentType": "EXTERNAL_DATA",
          "crc32": 4227033974,
          "uncompressedSize": 7,
        },
      },
      {
        "block": {
          "_endPosition": 894,
          "_size": 57,
          "compressedSize": 53,
          "compressionMethod": "gzip",
          "content": Uint8Array [
            88,
            88,
            88,
            88,
            105,
            105,
            88,
            88,
            73,
            88,
            88,
            80,
            73,
            80,
            105,
            105,
            88,
            105,
            88,
            88,
            73,
            88,
            88,
            88,
            80,
            73,
            80,
            88,
            88,
            105,
            68,
            66,
            88,
            68,
            68,
            88,
            88,
            68,
            88,
            88,
            68,
            88,
            88,
            68,
            88,
            78,
          ],
          "contentId": 27,
          "contentPosition": 837,
          "contentType": "EXTERNAL_DATA",
          "crc32": 4247431265,
          "uncompressedSize": 46,
        },
      },
      {
        "block": {
          "_endPosition": 957,
          "_size": 58,
          "compressedSize": 54,
          "compressionMethod": "gzip",
          "content": Uint8Array [
            1,
            9,
            1,
            29,
            1,
            11,
            9,
            1,
            1,
            2,
            1,
            9,
            0,
            3,
            10,
            1,
            1,
            10,
            9,
            1,
            1,
            2,
            1,
            8,
            1,
            0,
            3,
            0,
            9,
            1,
            10,
            6,
            1,
            1,
            7,
            1,
            8,
            1,
            0,
            7,
            1,
            0,
            1,
            6,
            5,
            11,
          ],
          "contentId": 28,
          "contentPosition": 899,
          "contentType": "EXTERNAL_DATA",
          "crc32": 3460349986,
          "uncompressedSize": 46,
        },
      },
      {
        "block": {
          "_endPosition": 992,
          "_size": 30,
          "compressedSize": 26,
          "compressionMethod": "gzip",
          "content": Uint8Array [
            1,
            2,
            3,
            1,
            2,
            3,
          ],
          "contentId": 29,
          "contentPosition": 962,
          "contentType": "EXTERNAL_DATA",
          "crc32": 4288513694,
          "uncompressedSize": 6,
        },
      },
      {
        "block": {
          "_endPosition": 1028,
          "_size": 31,
          "compressedSize": 27,
          "compressionMethod": "gzip",
          "content": Uint8Array [
            78,
            71,
            78,
            78,
            71,
            78,
            89,
          ],
          "contentId": 30,
          "contentPosition": 997,
          "contentType": "EXTERNAL_DATA",
          "crc32": 3857025153,
          "uncompressedSize": 7,
        },
      },
      {
        "block": {
          "_endPosition": 1075,
          "_size": 42,
          "compressedSize": 38,
          "compressionMethod": "gzip",
          "content": Uint8Array [
            0,
            3,
            3,
            1,
            1,
            1,
            2,
            2,
            0,
            1,
            1,
            2,
            2,
            0,
            0,
            1,
            3,
            0,
            3,
            3,
            2,
            3,
            2,
            0,
          ],
          "contentId": 31,
          "contentPosition": 1033,
          "contentType": "EXTERNAL_DATA",
          "crc32": 2741964611,
          "uncompressedSize": 24,
        },
      },
      {
        "block": {
          "_endPosition": 1111,
          "_size": 31,
          "compressedSize": 27,
          "compressionMethod": "gzip",
          "content": Uint8Array [
            0,
            0,
            1,
            1,
            0,
            1,
            1,
          ],
          "contentId": 32,
          "contentPosition": 1080,
          "contentType": "EXTERNAL_DATA",
          "crc32": 1367286934,
          "uncompressedSize": 7,
        },
      },
      {
        "block": {
          "_endPosition": 1187,
          "_size": 68,
          "compressedSize": 64,
          "compressionMethod": "gzip",
          "content": Uint8Array [
            49,
            57,
            78,
            48,
            78,
            49,
            57,
            0,
            9,
            48,
            65,
            56,
            65,
            48,
            67,
            56,
            78,
            48,
            78,
            49,
            56,
            84,
            48,
            0,
            9,
            57,
            94,
            65,
            54,
            67,
            48,
            67,
            48,
            94,
            89,
            78,
            48,
            78,
            54,
            94,
            71,
            71,
            71,
            54,
            0,
            9,
          ],
          "contentId": 5063770,
          "contentPosition": 1119,
          "contentType": "EXTERNAL_DATA",
          "crc32": 2486686939,
          "uncompressedSize": 46,
        },
      },
    ],
  },
]
`;
