// Vitest Snapshot v1, https://vitest.dev/guide/snapshot.html

exports[`CRAM reader > can count containers in auxf#values.tmp.cram 1`] = `2`;

exports[`CRAM reader > can count containers in c1#bounds.tmp.cram 1`] = `2`;

exports[`CRAM reader > can count containers in c1#clip.2.1.cram 1`] = `2`;

exports[`CRAM reader > can count containers in c1#clip.tmp.cram 1`] = `2`;

exports[`CRAM reader > can count containers in c1#noseq.tmp.cram 1`] = `2`;

exports[`CRAM reader > can count containers in c1#pad1.tmp.cram 1`] = `2`;

exports[`CRAM reader > can count containers in c1#pad2.tmp.cram 1`] = `2`;

exports[`CRAM reader > can count containers in c1#pad3.tmp.cram 1`] = `2`;

exports[`CRAM reader > can count containers in c1#unknown.tmp.cram 1`] = `2`;

exports[`CRAM reader > can count containers in c2#pad.tmp.cram 1`] = `2`;

exports[`CRAM reader > can count containers in ce#1.tmp.cram 1`] = `2`;

exports[`CRAM reader > can count containers in ce#2.tmp.cram 1`] = `2`;

exports[`CRAM reader > can count containers in ce#5.tmp.cram 1`] = `2`;

exports[`CRAM reader > can count containers in ce#5b.tmp.cram 1`] = `4`;

exports[`CRAM reader > can count containers in ce#1000.tmp.cram 1`] = `30`;

exports[`CRAM reader > can count containers in ce#large_seq.tmp.cram 1`] = `2`;

exports[`CRAM reader > can count containers in ce#supp.tmp.cram 1`] = `2`;

exports[`CRAM reader > can count containers in ce#tag_depadded.tmp.cram 1`] = `2`;

exports[`CRAM reader > can count containers in ce#tag_padded.tmp.cram 1`] = `2`;

exports[`CRAM reader > can count containers in ce#unmap.tmp.cram 1`] = `1`;

exports[`CRAM reader > can count containers in ce#unmap1.tmp.cram 1`] = `1`;

exports[`CRAM reader > can count containers in ce#unmap2.tmp.cram 1`] = `3`;

exports[`CRAM reader > can count containers in headernul.tmp.cram 1`] = `2`;

exports[`CRAM reader > can count containers in md#1.tmp.cram 1`] = `2`;

exports[`CRAM reader > can count containers in sam_alignment.tmp.cram 1`] = `2`;

exports[`CRAM reader > can count containers in xx#blank.tmp.cram 1`] = `1`;

exports[`CRAM reader > can count containers in xx#large_aux.tmp.cram 1`] = `2`;

exports[`CRAM reader > can count containers in xx#large_aux2.tmp.cram 1`] = `2`;

exports[`CRAM reader > can count containers in xx#minimal.tmp.cram 1`] = `3`;

exports[`CRAM reader > can count containers in xx#pair.tmp.cram 1`] = `2`;

exports[`CRAM reader > can count containers in xx#repeated.tmp.cram 1`] = `2`;

exports[`CRAM reader > can count containers in xx#rg.tmp.cram 1`] = `2`;

exports[`CRAM reader > can count containers in xx#tlen.tmp.cram 1`] = `3`;

exports[`CRAM reader > can count containers in xx#tlen2.tmp.cram 1`] = `3`;

exports[`CRAM reader > can count containers in xx#triplet.tmp.cram 1`] = `3`;

exports[`CRAM reader > can count containers in xx#unsorted.tmp.cram 1`] = `4`;
